Logging initialized. Output saved to: C:\Users\ashus\SaudiaAutomation\logs\run_20260702_170506.log
============================================================
         SAUDIA AIRLINES LOGIN AUTOMATION
============================================================
Performing device connectivity health check...
Device connectivity: OK
Checking Brave browser debugging port...
Brave remote debugging is already running and reachable.
Brave browser status: OK
Reading passenger list from Excel...
Successfully loaded 124 pending passenger records.

==================================================
Processing Record 1/124 [Row 2]
FFN: 1006210567 | Gmail: mitrasanjay3099@gmail.com
==================================================

[ACTION REQUIRED] Please switch Gmail account in Brave.
--> Target Gmail: mitrasanjay3099@gmail.com
Make sure Gmail is open and active in Brave browser.
Press ENTER key when Gmail is ready...Initiating login sequence on phone...
Force stopping Saudia app...
Launching Saudia app fresh...
App launch command sent.
Clicking AlFursan Tab: Join AlFursan to enjoy exclusive privileges.
ERROR processing Row 2: Could not find 'Login' button on AlFursan screen!
Screenshot saved to: C:\Users\ashus\SaudiaAutomation\screenshots\row_2_final.png

==================================================
Processing Record 2/124 [Row 3]
FFN: 1006210573 | Gmail: mitrasanjay3099@gmail.com
==================================================
Initiating login sequence on phone...
Force stopping Saudia app...
Launching Saudia app fresh...
App launch command sent.
Clicking AlFursan Tab: Join AlFursan to enjoy exclusive privileges.
ERROR processing Row 3: Could not find 'Login' button on AlFursan screen!
Screenshot saved to: C:\Users\ashus\SaudiaAutomation\screenshots\row_3_final.png

==================================================
Processing Record 3/124 [Row 4]
FFN: 1006210577 | Gmail: mitrasanjay3099@gmail.com
==================================================
Initiating login sequence on phone...
Force stopping Saudia app...
Launching Saudia app fresh...
App launch command sent.
Clicking AlFursan Tab: Join AlFursan to enjoy exclusive privileges.
ERROR processing Row 4: Could not find 'Login' button on AlFursan screen!
Screenshot saved to: C:\Users\ashus\SaudiaAutomation\screenshots\row_4_final.png

==================================================
Processing Record 4/124 [Row 5]
FFN: 1006210580 | Gmail: mitrasanjay3099@gmail.com
==================================================
Initiating login sequence on phone...
Force stopping Saudia app...
Launching Saudia app fresh...
App launch command sent.
Clicking AlFursan Tab: Join AlFursan to enjoy exclusive privileges.
ERROR processing Row 5: Could not find 'Login' button on AlFursan screen!
Screenshot saved to: C:\Users\ashus\SaudiaAutomation\screenshots\row_5_final.png

==================================================
Processing Record 5/124 [Row 6]
FFN: 1006210589 | Gmail: mitrasanjay3099@gmail.com
==================================================
Initiating login sequence on phone...
Force stopping Saudia app...
Launching Saudia app fresh...
App launch command sent.
Clicking AlFursan Tab: Join AlFursan to enjoy exclusive privileges.
ERROR processing Row 6: Could not find 'Login' button on AlFursan screen!
Screenshot saved to: C:\Users\ashus\SaudiaAutomation\screenshots\row_6_final.png

==================================================
Processing Record 6/124 [Row 7]
FFN: 1006210593 | Gmail: mitrasanjay3099@gmail.com
==================================================
Initiating login sequence on phone...
Force stopping Saudia app...
Launching Saudia app fresh...
App launch command sent.
Clicking AlFursan Tab: Join AlFursan to enjoy exclusive privileges.
ERROR processing Row 7: Could not find 'Login' button on AlFursan screen!
Screenshot saved to: C:\Users\ashus\SaudiaAutomation\screenshots\row_7_final.png

==================================================
Processing Record 7/124 [Row 8]
FFN: 1006210601 | Gmail: mitrasanjay3099@gmail.com
==================================================
Initiating login sequence on phone...
Force stopping Saudia app...
Launching Saudia app fresh...
App launch command sent.
Clicking AlFursan Tab: Join AlFursan to enjoy exclusive privileges.
ERROR processing Row 8: Could not find 'Login' button on AlFursan screen!
Screenshot saved to: C:\Users\ashus\SaudiaAutomation\screenshots\row_8_final.png

==================================================
Processing Record 8/124 [Row 9]
FFN: 1006210615 | Gmail: mitrasanjay3099@gmail.com
==================================================
Initiating login sequence on phone...
Force stopping Saudia app...
Launching Saudia app fresh...
App launch command sent.
Clicking AlFursan Tab: Join AlFursan to enjoy exclusive privileges.
ERROR processing Row 9: Could not find 'Login' button on AlFursan screen!
Screenshot saved to: C:\Users\ashus\SaudiaAutomation\screenshots\row_9_final.png

==================================================
Processing Record 9/124 [Row 10]
FFN: 1006210619 | Gmail: mitrasanjay3099@gmail.com
==================================================
Initiating login sequence on phone...
Force stopping Saudia app...
Launching Saudia app fresh...
App launch command sent.
Clicking AlFursan Tab: Join AlFursan to enjoy exclusive privileges.
ERROR processing Row 10: Could not find 'Login' button on AlFursan screen!
Screenshot saved to: C:\Users\ashus\SaudiaAutomation\screenshots\row_10_final.png

==================================================
Processing Record 10/124 [Row 11]
FFN: 1006210623 | Gmail: mitrasanjay3099@gmail.com
==================================================
Initiating login sequence on phone...
Force stopping Saudia app...
Launching Saudia app fresh...
App launch command sent.
Clicking AlFursan Tab: Join AlFursan to enjoy exclusive privileges.
ERROR processing Row 11: Could not find 'Login' button on AlFursan screen!
Screenshot saved to: C:\Users\ashus\SaudiaAutomation\screenshots\row_11_final.png

==================================================
Processing Record 11/124 [Row 12]
FFN: 1006210629 | Gmail: mitrasanjay3099@gmail.com
==================================================
Initiating login sequence on phone...
Force stopping Saudia app...
Launching Saudia app fresh...
App launch command sent.
Clicking AlFursan Tab: Join AlFursan to enjoy exclusive privileges.
ERROR processing Row 12: Could not find 'Login' button on AlFursan screen!
Screenshot saved to: C:\Users\ashus\SaudiaAutomation\screenshots\row_12_final.png

==================================================
Processing Record 12/124 [Row 13]
FFN: 1006210634 | Gmail: mitrasanjay3099@gmail.com
==================================================
Initiating login sequence on phone...
Force stopping Saudia app...
Launching Saudia app fresh...
