Logging initialized. Output saved to: C:\Users\ashus\SaudiaAutomation\logs\run_20260703_174549.log
============================================================
         SAUDIA AIRLINES LOGIN AUTOMATION
============================================================
Performing device connectivity health check...
Device connectivity: OK
Checking Brave browser debugging port...
Brave remote debugging is already running and reachable.
Brave browser status: OK
Reading passenger list from Excel...
Successfully loaded 124 pending passenger records.

==================================================
Processing Record 1/124 [Row 2]
FFN: 1006210567 | Gmail: mitrasanjay3099@gmail.com
==================================================

[ACTION REQUIRED] Please switch Gmail account in Brave.
--> Target Gmail: mitrasanjay3099@gmail.com
Make sure Gmail is open and active in Brave browser.
Waiting for ready.txt flag to proceed...
Initiating login sequence on phone...
Force stopping Saudia app...
Launching Saudia app fresh...
App launch command sent.
Waiting for AlFursan tab to appear...
Clicking AlFursan Tab: AlFursan Tab 4 of 4
Click fallback: ADB Tapping at center (945, 2103)
Waiting for Login button at top right...
Clicking Login button at top right...
Waiting for Login form input fields...
Typing FFN: 1006210567
Type fallback: Tapping element to focus and typing via ADB...
Clearing existing text in field...
Typing Password...
Type fallback: Tapping element to focus and typing via ADB...
Clearing existing text in field...
Hiding soft keyboard by sending ESCAPE (111) keyevent...
Locating Login Submit Button on form...
Found Login Button by exact content_desc match: 'Login Button'
Clicking Login Submit Button...
Click fallback: ADB Tapping at center (540, 1957)
Login form submitted at: 2026-07-03T17:46:27.394308
Polling Gmail for verification code...
Connecting to Brave via CDP...
Navigating to Gmail...

--- OTP Fetch Attempt 1 ---
Searching for subject: 'Retrieve AlFursan OTP' (newer_than:1h)...
Found matching email. Opening...
Extracted email timestamp string: Jul 3, 2026, 5:45PM
Parsed email time: 2026-07-03 17:45:00 | Request time: 2026-07-03 17:46:27.394308
Error parsing timestamp: 'charmap' codec can't encode character '\u274c' in position 0: character maps to <undefined>. Assuming fresh as fallback.
Extracted OTP candidate: 645512
SUCCESS: OTP 645512 retrieved!
Entering OTP code 645512 into the Saudia app...
Entering OTP: 645512
DEBUG: Found 16 elements on OTP screen:
  - Text: '' | Desc: '' | Bounds: 0 0 1080 2340
  - Text: '' | Desc: '' | Bounds: 0 0 1080 2340
  - Text: '' | Desc: '' | Bounds: 12 113 147 248
  - Text: '' | Desc: 'Previous screen' | Bounds: 45 146 113 214
  - Text: 'Verification required' | Desc: '' | Bounds: 56 348 1024 444
  - Text: 'A verification code has been sent to your registered email, mit.**************@gmai*****' | Desc: '' | Bounds: 56 467 1024 603
  - Text: '' | Desc: 'Please enter the verification code sent to you phone number here' | Bounds: 56 716 1024 919
DEBUG: Matched OTP field: {'text': '', 'resource_id': '', 'content_desc': 'Please enter the verification code sent to you phone number here', 'class': 'android.view.View', 'clickable': True, 'bounds': '56 716 1024 919'}
Tapping OTP field at far-left (96, 817) to ensure focus...
Using ADB typing to trigger auto-submit listeners...
Waiting 5 seconds for OTP processing...
OTP 645512 failed: Still on OTP/verification screen.
ERROR processing Row 2: Login failed after OTP entry. Last known state:     verification required a verification code has 
Screenshot saved to: C:\Users\ashus\SaudiaAutomation\screenshots\row_2_final.png

==================================================
Processing Record 2/124 [Row 3]
FFN: 1006210573 | Gmail: mitrasanjay3099@gmail.com
==================================================
Initiating login sequence on phone...
Force stopping Saudia app...
Launching Saudia app fresh...
App launch command sent.
Waiting for AlFursan tab to appear...
Clicking AlFursan Tab: AlFursan Tab 4 of 4
Click fallback: ADB Tapping at center (945, 2103)
Waiting for Login button at top right...
Clicking Login button at top right...
Waiting for Login form input fields...
Typing FFN: 1006210573
Type fallback: Tapping element to focus and typing via ADB...
Clearing existing text in field...
Typing Password...
Type fallback: Tapping element to focus and typing via ADB...
Clearing existing text in field...
Hiding soft keyboard by sending ESCAPE (111) keyevent...
