Logging initialized. Output saved to: C:\Users\ashus\SaudiaAutomation\logs\run_20260703_174243.log
============================================================
         SAUDIA AIRLINES LOGIN AUTOMATION
============================================================
Performing device connectivity health check...
Device connectivity: OK
Checking Brave browser debugging port...
Brave remote debugging is already running and reachable.
Brave browser status: OK
Reading passenger list from Excel...
Successfully loaded 124 pending passenger records.

==================================================
Processing Record 1/124 [Row 2]
FFN: 1006210567 | Gmail: mitrasanjay3099@gmail.com
==================================================

[ACTION REQUIRED] Please switch Gmail account in Brave.
--> Target Gmail: mitrasanjay3099@gmail.com
Make sure Gmail is open and active in Brave browser.
Waiting for ready.txt flag to proceed...
Initiating login sequence on phone...
Force stopping Saudia app...
Launching Saudia app fresh...
App launch command sent.
Waiting for AlFursan tab to appear...
Clicking AlFursan Tab: AlFursan Tab 4 of 4
Click fallback: ADB Tapping at center (945, 2103)
Waiting for Login button at top right...
Clicking Login button at top right...
Waiting for Login form input fields...
Typing FFN: 1006210567
Type fallback: Tapping element to focus and typing via ADB...
Clearing existing text in field...
Typing Password...
Type fallback: Tapping element to focus and typing via ADB...
Clearing existing text in field...
Hiding soft keyboard by sending ESCAPE (111) keyevent...
Locating Login Submit Button on form...
Found Login Button by exact content_desc match: 'Login Button'
Clicking Login Submit Button...
Click fallback: ADB Tapping at center (540, 1957)
Login form submitted at: 2026-07-03T17:43:23.571337
Polling Gmail for verification code...
Connecting to Brave via CDP...
Navigating to Gmail...

--- OTP Fetch Attempt 1 ---
Searching for subject: 'Retrieve AlFursan OTP' (newer_than:1h)...
Found matching email. Opening...
Error during Gmail OTP extraction: 'charmap' codec can't encode character '\u202f' in position 51: character maps to <undefined>
ERROR processing Row 2: OTP Fetch Timeout: No new OTP email found within 120 seconds.
Screenshot saved to: C:\Users\ashus\SaudiaAutomation\screenshots\row_2_final.png

==================================================
Processing Record 2/124 [Row 3]
FFN: 1006210573 | Gmail: mitrasanjay3099@gmail.com
==================================================
Initiating login sequence on phone...
Force stopping Saudia app...
Launching Saudia app fresh...
App launch command sent.
Waiting for AlFursan tab to appear...
Clicking AlFursan Tab: AlFursan Tab 4 of 4
Click fallback: ADB Tapping at center (945, 2103)
Waiting for Login button at top right...
Clicking Login button at top right...
Waiting for Login form input fields...
Typing FFN: 1006210573
Type fallback: Tapping element to focus and typing via ADB...
Clearing existing text in field...
Typing Password...
Type fallback: Tapping element to focus and typing via ADB...
Clearing existing text in field...
Hiding soft keyboard by sending ESCAPE (111) keyevent...
Locating Login Submit Button on form...
Found Login Button by exact content_desc match: 'Login Button'
Clicking Login Submit Button...
Click fallback: ADB Tapping at center (540, 1957)
Login form submitted at: 2026-07-03T17:44:05.198524
Polling Gmail for verification code...
Connecting to Brave via CDP...
Navigating to Gmail...
Error during Gmail OTP extraction: Page.goto: Timeout 30000ms exceeded.
Call log:
  - navigating to "https://mail.google.com/mail/u/0/#inbox", waiting until "domcontentloaded"

ERROR processing Row 3: OTP Fetch Timeout: No new OTP email found within 120 seconds.
Screenshot saved to: C:\Users\ashus\SaudiaAutomation\screenshots\row_3_final.png

==================================================
Processing Record 3/124 [Row 4]
FFN: 1006210577 | Gmail: mitrasanjay3099@gmail.com
==================================================
Initiating login sequence on phone...
Force stopping Saudia app...
Launching Saudia app fresh...
App launch command sent.
Waiting for AlFursan tab to appear...
Clicking AlFursan Tab: AlFursan Tab 4 of 4
Click fallback: ADB Tapping at center (945, 2103)
Waiting for Login button at top right...
Clicking Login button at top right...
Waiting for Login form input fields...
Typing FFN: 1006210577
Type fallback: Tapping element to focus and typing via ADB...
Clearing existing text in field...
Typing Password...
Type fallback: Tapping element to focus and typing via ADB...
Clearing existing text in field...
Hiding soft keyboard by sending ESCAPE (111) keyevent...
Locating Login Submit Button on form...
Found Login Button by exact content_desc match: 'Login Button'
Clicking Login Submit Button...
Click fallback: ADB Tapping at center (540, 1957)
Login form submitted at: 2026-07-03T17:45:05.969089
Polling Gmail for verification code...
Connecting to Brave via CDP...
Navigating to Gmail...

--- OTP Fetch Attempt 1 ---
Searching for subject: 'Retrieve AlFursan OTP' (newer_than:1h)...
Found matching email. Opening...
