Logging initialized. Output saved to: C:\Users\ashus\SaudiaAutomation\logs\run_20260702_171106.log
============================================================
         SAUDIA AIRLINES LOGIN AUTOMATION
============================================================
Performing device connectivity health check...
Device connectivity: OK
Checking Brave browser debugging port...
Brave remote debugging is already running and reachable.
Brave browser status: OK
Reading passenger list from Excel...
Successfully loaded 111 pending passenger records.

==================================================
Processing Record 1/111 [Row 15]
FFN: 1006210654 | Gmail: mitrasanjay3099@gmail.com
==================================================

[ACTION REQUIRED] Please switch Gmail account in Brave.
--> Target Gmail: mitrasanjay3099@gmail.com
Make sure Gmail is open and active in Brave browser.
Press ENTER key when Gmail is ready...Initiating login sequence on phone...
Force stopping Saudia app...
Launching Saudia app fresh...
App launch command sent.
Clicking AlFursan Tab: AlFursan Tab 4 of 4
Click fallback: ADB Tapping at center (945, 2103)
Clicking Login button at top right...
Typing FFN: 1006210654
Type fallback: Tapping element to focus and typing via ADB...
Clearing existing text in field...
Typing Password...
Type fallback: Tapping element to focus and typing via ADB...
Clearing existing text in field...
ERROR processing Row 15: Could not locate Login Submit Button on form!
Screenshot saved to: C:\Users\ashus\SaudiaAutomation\screenshots\row_15_final.png

==================================================
Processing Record 2/111 [Row 16]
FFN: 1006210662 | Gmail: mitrasanjay3099@gmail.com
==================================================
Initiating login sequence on phone...
Force stopping Saudia app...
Launching Saudia app fresh...
App launch command sent.
Clicking AlFursan Tab: AlFursan Tab 4 of 4
Click fallback: ADB Tapping at center (945, 2103)
Clicking Login button at top right...
Typing FFN: 1006210662
Type fallback: Tapping element to focus and typing via ADB...
Clearing existing text in field...
Typing Password...
Type fallback: Tapping element to focus and typing via ADB...
Clearing existing text in field...
ERROR processing Row 16: Could not locate Login Submit Button on form!
Screenshot saved to: C:\Users\ashus\SaudiaAutomation\screenshots\row_16_final.png

==================================================
Processing Record 3/111 [Row 17]
FFN: 1006210663 | Gmail: mitrasanjay3099@gmail.com
==================================================
Initiating login sequence on phone...
Force stopping Saudia app...
Launching Saudia app fresh...
App launch command sent.
Clicking AlFursan Tab: AlFursan Tab 4 of 4
Click fallback: ADB Tapping at center (945, 2103)
Clicking Login button at top right...
Typing FFN: 1006210663
Type fallback: Tapping element to focus and typing via ADB...
Clearing existing text in field...
Typing Password...
Type fallback: Tapping element to focus and typing via ADB...
Clearing existing text in field...
ERROR processing Row 17: Could not locate Login Submit Button on form!
Screenshot saved to: C:\Users\ashus\SaudiaAutomation\screenshots\row_17_final.png

==================================================
Processing Record 4/111 [Row 18]
FFN: 1006210669 | Gmail: mitrasanjay3099@gmail.com
==================================================
Initiating login sequence on phone...
Force stopping Saudia app...
Launching Saudia app fresh...
App launch command sent.
ERROR processing Row 18: Could not find 'AlFursan' tab on Home screen!
Screenshot saved to: C:\Users\ashus\SaudiaAutomation\screenshots\row_18_final.png

==================================================
Processing Record 5/111 [Row 19]
FFN: 1006210674 | Gmail: mitrasanjay3099@gmail.com
==================================================
Initiating login sequence on phone...
Force stopping Saudia app...
Launching Saudia app fresh...
App launch command sent.
Clicking AlFursan Tab: AlFursan Tab 4 of 4
Click fallback: ADB Tapping at center (945, 2103)
Clicking Login button at top right...
Typing FFN: 1006210674
Type fallback: Tapping element to focus and typing via ADB...
Clearing existing text in field...
Typing Password...
Type fallback: Tapping element to focus and typing via ADB...
Clearing existing text in field...
ERROR processing Row 19: Could not locate Login Submit Button on form!
Screenshot saved to: C:\Users\ashus\SaudiaAutomation\screenshots\row_19_final.png

==================================================
Processing Record 6/111 [Row 20]
FFN: 1006210691 | Gmail: mitrasanjay3099@gmail.com
==================================================
Initiating login sequence on phone...
Force stopping Saudia app...
Launching Saudia app fresh...
App launch command sent.
Clicking AlFursan Tab: AlFursan Tab 4 of 4
Click fallback: ADB Tapping at center (945, 2103)
Clicking Login button at top right...
Typing FFN: 1006210691
Type fallback: Tapping element to focus and typing via ADB...
Clearing existing text in field...
Typing Password...
Type fallback: Tapping element to focus and typing via ADB...
Clearing existing text in field...
ERROR processing Row 20: Could not locate Login Submit Button on form!
Screenshot saved to: C:\Users\ashus\SaudiaAutomation\screenshots\row_20_final.png

==================================================
Processing Record 7/111 [Row 21]
FFN: 1006210694 | Gmail: mitrasanjay3099@gmail.com
==================================================
Initiating login sequence on phone...
Force stopping Saudia app...
Launching Saudia app fresh...
App launch command sent.
Clicking AlFursan Tab: AlFursan Tab 4 of 4
Click fallback: ADB Tapping at center (945, 2103)
Clicking Login button at top right...
Typing FFN: 1006210694
Type fallback: Tapping element to focus and typing via ADB...
Clearing existing text in field...
Typing Password...
Type fallback: Tapping element to focus and typing via ADB...
Clearing existing text in field...
ERROR processing Row 21: Could not locate Login Submit Button on form!
