Logging initialized. Output saved to: C:\Users\ashus\SaudiaAutomation\logs\run_20260702_192832.log
============================================================
         SAUDIA AIRLINES LOGIN AUTOMATION
============================================================
Performing device connectivity health check...
Device connectivity: OK
Checking Brave browser debugging port...
Brave remote debugging is already running and reachable.
Brave browser status: OK
Reading passenger list from Excel...
Successfully loaded 119 pending passenger records.

==================================================
Processing Record 1/119 [Row 7]
FFN: 1006210593 | Gmail: mitrasanjay3099@gmail.com
==================================================

[ACTION REQUIRED] Please switch Gmail account in Brave.
--> Target Gmail: mitrasanjay3099@gmail.com
Make sure Gmail is open and active in Brave browser.
Waiting for ready.txt flag to proceed...
Initiating login sequence on phone...
Force stopping Saudia app...
Launching Saudia app fresh...
App launch command sent.
Waiting for AlFursan tab to appear...
ERROR processing Row 7: Timeout: Could not find 'AlFursan' tab on Home screen!
Screenshot saved to: C:\Users\ashus\SaudiaAutomation\screenshots\row_7_final.png

==================================================
Processing Record 2/119 [Row 8]
FFN: 1006210601 | Gmail: mitrasanjay3099@gmail.com
==================================================
Initiating login sequence on phone...
Force stopping Saudia app...
Launching Saudia app fresh...
App launch command sent.
Waiting for AlFursan tab to appear...
ERROR processing Row 8: Timeout: Could not find 'AlFursan' tab on Home screen!
Screenshot saved to: C:\Users\ashus\SaudiaAutomation\screenshots\row_8_final.png

==================================================
Processing Record 3/119 [Row 9]
FFN: 1006210615 | Gmail: mitrasanjay3099@gmail.com
==================================================
Initiating login sequence on phone...
Force stopping Saudia app...
Launching Saudia app fresh...
App launch command sent.
Waiting for AlFursan tab to appear...
ERROR processing Row 9: Timeout: Could not find 'AlFursan' tab on Home screen!
Screenshot saved to: C:\Users\ashus\SaudiaAutomation\screenshots\row_9_final.png

==================================================
Processing Record 4/119 [Row 10]
FFN: 1006210619 | Gmail: mitrasanjay3099@gmail.com
==================================================
Initiating login sequence on phone...
Force stopping Saudia app...
Launching Saudia app fresh...
