Logging initialized. Output saved to: C:\Users\ashus\SaudiaAutomation\logs\run_20260702_171452.log
============================================================
         SAUDIA AIRLINES LOGIN AUTOMATION
============================================================
Performing device connectivity health check...
Device connectivity: OK
Checking Brave browser debugging port...
Brave remote debugging is already running and reachable.
Brave browser status: OK
Reading passenger list from Excel...
Successfully loaded 105 pending passenger records.

==================================================
Processing Record 1/105 [Row 21]
FFN: 1006210694 | Gmail: mitrasanjay3099@gmail.com
==================================================

[ACTION REQUIRED] Please switch Gmail account in Brave.
--> Target Gmail: mitrasanjay3099@gmail.com
Make sure Gmail is open and active in Brave browser.
Press ENTER key when Gmail is ready...Initiating login sequence on phone...
Force stopping Saudia app...
Launching Saudia app fresh...
App launch command sent.
Waiting for AlFursan tab to appear...
Clicking AlFursan Tab: AlFursan Tab 4 of 4
Click fallback: ADB Tapping at center (945, 2103)
Waiting for Login button at top right...
Clicking Login button at top right...
Waiting for Login form input fields...
Typing FFN: 1006210694
Type fallback: Tapping element to focus and typing via ADB...
Clearing existing text in field...
Typing Password...
Type fallback: Tapping element to focus and typing via ADB...
Clearing existing text in field...
Hiding soft keyboard...
Locating Login Submit Button on form...
ERROR processing Row 21: Timeout: Could not locate Login Submit Button on form!
Screenshot saved to: C:\Users\ashus\SaudiaAutomation\screenshots\row_21_final.png

==================================================
Processing Record 2/105 [Row 22]
FFN: 1006210707 | Gmail: mitrasanjay3099@gmail.com
==================================================
Initiating login sequence on phone...
Force stopping Saudia app...
Launching Saudia app fresh...
App launch command sent.
Waiting for AlFursan tab to appear...
Clicking AlFursan Tab: AlFursan Tab 4 of 4
Click fallback: ADB Tapping at center (945, 2103)
Waiting for Login button at top right...
Clicking Login button at top right...
Waiting for Login form input fields...
Typing FFN: 1006210707
Type fallback: Tapping element to focus and typing via ADB...
Clearing existing text in field...
Typing Password...
Type fallback: Tapping element to focus and typing via ADB...
Clearing existing text in field...
Hiding soft keyboard...
Locating Login Submit Button on form...
ERROR processing Row 22: Timeout: Could not locate Login Submit Button on form!
Screenshot saved to: C:\Users\ashus\SaudiaAutomation\screenshots\row_22_final.png

==================================================
Processing Record 3/105 [Row 23]
FFN: 1006210711 | Gmail: mitrasanjay3099@gmail.com
==================================================
Initiating login sequence on phone...
Force stopping Saudia app...
Launching Saudia app fresh...
App launch command sent.
Waiting for AlFursan tab to appear...
Clicking AlFursan Tab: AlFursan Tab 4 of 4
Click fallback: ADB Tapping at center (945, 2103)
Waiting for Login button at top right...
Clicking Login button at top right...
Waiting for Login form input fields...
Typing FFN: 1006210711
Type fallback: Tapping element to focus and typing via ADB...
Clearing existing text in field...
Typing Password...
Type fallback: Tapping element to focus and typing via ADB...
Clearing existing text in field...
Hiding soft keyboard...
Locating Login Submit Button on form...
ERROR processing Row 23: Timeout: Could not locate Login Submit Button on form!
Screenshot saved to: C:\Users\ashus\SaudiaAutomation\screenshots\row_23_final.png

==================================================
Processing Record 4/105 [Row 24]
FFN: 1006211538 | Gmail: mitrasanjay3099@gmail.com
==================================================
Initiating login sequence on phone...
Force stopping Saudia app...
Launching Saudia app fresh...
App launch command sent.
Waiting for AlFursan tab to appear...
Clicking AlFursan Tab: AlFursan Tab 4 of 4
Click fallback: ADB Tapping at center (945, 2103)
Waiting for Login button at top right...
Clicking Login button at top right...
Waiting for Login form input fields...
Typing FFN: 1006211538
Type fallback: Tapping element to focus and typing via ADB...
Clearing existing text in field...
Typing Password...
Type fallback: Tapping element to focus and typing via ADB...
Clearing existing text in field...
Hiding soft keyboard...
Locating Login Submit Button on form...
ERROR processing Row 24: Timeout: Could not locate Login Submit Button on form!
Screenshot saved to: C:\Users\ashus\SaudiaAutomation\screenshots\row_24_final.png

==================================================
Processing Record 5/105 [Row 25]
FFN: 1006210727 | Gmail: mitrasanjay3099@gmail.com
==================================================
Initiating login sequence on phone...
Force stopping Saudia app...
Launching Saudia app fresh...
App launch command sent.
Waiting for AlFursan tab to appear...
Clicking AlFursan Tab: AlFursan Tab 4 of 4
Click fallback: ADB Tapping at center (945, 2103)
Waiting for Login button at top right...
Clicking Login button at top right...
Waiting for Login form input fields...
Typing FFN: 1006210727
Type fallback: Tapping element to focus and typing via ADB...
Clearing existing text in field...
Typing Password...
Type fallback: Tapping element to focus and typing via ADB...
Clearing existing text in field...
Hiding soft keyboard...
Locating Login Submit Button on form...
ERROR processing Row 25: Timeout: Could not locate Login Submit Button on form!
Screenshot saved to: C:\Users\ashus\SaudiaAutomation\screenshots\row_25_final.png

==================================================
Processing Record 6/105 [Row 26]
FFN: 1006210731 | Gmail: mitrasanjay3099@gmail.com
==================================================
Initiating login sequence on phone...
Force stopping Saudia app...
Launching Saudia app fresh...
App launch command sent.
Waiting for AlFursan tab to appear...
Clicking AlFursan Tab: AlFursan Tab 4 of 4
Click fallback: ADB Tapping at center (945, 2103)
Waiting for Login button at top right...
Clicking Login button at top right...
Waiting for Login form input fields...
Typing FFN: 1006210731
Type fallback: Tapping element to focus and typing via ADB...
Clearing existing text in field...
Typing Password...
Type fallback: Tapping element to focus and typing via ADB...
Clearing existing text in field...
Hiding soft keyboard...
Locating Login Submit Button on form...
ERROR processing Row 26: Timeout: Could not locate Login Submit Button on form!
Screenshot saved to: C:\Users\ashus\SaudiaAutomation\screenshots\row_26_final.png

==================================================
Processing Record 7/105 [Row 27]
FFN: 1006210733 | Gmail: mitrasanjay3099@gmail.com
==================================================
Initiating login sequence on phone...
Force stopping Saudia app...
Launching Saudia app fresh...
App launch command sent.
Waiting for AlFursan tab to appear...
Clicking AlFursan Tab: AlFursan Tab 4 of 4
Click fallback: ADB Tapping at center (945, 2103)
Waiting for Login button at top right...
Clicking Login button at top right...
Waiting for Login form input fields...
Typing FFN: 1006210733
Type fallback: Tapping element to focus and typing via ADB...
Clearing existing text in field...
Typing Password...
Type fallback: Tapping element to focus and typing via ADB...
Clearing existing text in field...
Hiding soft keyboard...
Locating Login Submit Button on form...
ERROR processing Row 27: Timeout: Could not locate Login Submit Button on form!
Screenshot saved to: C:\Users\ashus\SaudiaAutomation\screenshots\row_27_final.png

==================================================
Processing Record 8/105 [Row 28]
FFN: 1006210740 | Gmail: mitrasanjay3099@gmail.com
==================================================
Initiating login sequence on phone...
Force stopping Saudia app...
Launching Saudia app fresh...
App launch command sent.
Waiting for AlFursan tab to appear...
Clicking AlFursan Tab: AlFursan Tab 4 of 4
Click fallback: ADB Tapping at center (945, 2103)
Waiting for Login button at top right...
Clicking Login button at top right...
Waiting for Login form input fields...
Typing FFN: 1006210740
Type fallback: Tapping element to focus and typing via ADB...
Clearing existing text in field...
Typing Password...
Type fallback: Tapping element to focus and typing via ADB...
Clearing existing text in field...
Hiding soft keyboard...
Locating Login Submit Button on form...
ERROR processing Row 28: Timeout: Could not locate Login Submit Button on form!
Screenshot saved to: C:\Users\ashus\SaudiaAutomation\screenshots\row_28_final.png

==================================================
Processing Record 9/105 [Row 29]
FFN: 1006210745 | Gmail: mitrasanjay3099@gmail.com
==================================================
Initiating login sequence on phone...
Force stopping Saudia app...
Launching Saudia app fresh...
App launch command sent.
Waiting for AlFursan tab to appear...
Clicking AlFursan Tab: AlFursan Tab 4 of 4
Click fallback: ADB Tapping at center (945, 2103)
Waiting for Login button at top right...
Clicking Login button at top right...
Waiting for Login form input fields...
Typing FFN: 1006210745
Type fallback: Tapping element to focus and typing via ADB...
Clearing existing text in field...
Typing Password...
Type fallback: Tapping element to focus and typing via ADB...
Clearing existing text in field...
Hiding soft keyboard...
Locating Login Submit Button on form...
ERROR processing Row 29: Timeout: Could not locate Login Submit Button on form!
Screenshot saved to: C:\Users\ashus\SaudiaAutomation\screenshots\row_29_final.png

==================================================
Processing Record 10/105 [Row 30]
FFN: 1006210750 | Gmail: mitrasanjay3099@gmail.com
==================================================
Initiating login sequence on phone...
Force stopping Saudia app...
Launching Saudia app fresh...
App launch command sent.
Waiting for AlFursan tab to appear...
Clicking AlFursan Tab: AlFursan Tab 4 of 4
Click fallback: ADB Tapping at center (945, 2103)
Waiting for Login button at top right...
Clicking Login button at top right...
Waiting for Login form input fields...
Typing FFN: 1006210750
Type fallback: Tapping element to focus and typing via ADB...
Clearing existing text in field...
Typing Password...
Type fallback: Tapping element to focus and typing via ADB...
Clearing existing text in field...
Hiding soft keyboard...
Locating Login Submit Button on form...
ERROR processing Row 30: Timeout: Could not locate Login Submit Button on form!
Screenshot saved to: C:\Users\ashus\SaudiaAutomation\screenshots\row_30_final.png

==================================================
Processing Record 11/105 [Row 31]
FFN: 1006210762 | Gmail: mitrasanjay3099@gmail.com
==================================================
Initiating login sequence on phone...
Force stopping Saudia app...
Launching Saudia app fresh...
App launch command sent.
Waiting for AlFursan tab to appear...
Clicking AlFursan Tab: AlFursan Tab 4 of 4
Click fallback: ADB Tapping at center (945, 2103)
Waiting for Login button at top right...
Clicking Login button at top right...
Waiting for Login form input fields...
Typing FFN: 1006210762
Type fallback: Tapping element to focus and typing via ADB...
Clearing existing text in field...
Typing Password...
Type fallback: Tapping element to focus and typing via ADB...
Clearing existing text in field...
Hiding soft keyboard...
Locating Login Submit Button on form...
ERROR processing Row 31: Timeout: Could not locate Login Submit Button on form!
Screenshot saved to: C:\Users\ashus\SaudiaAutomation\screenshots\row_31_final.png

==================================================
Processing Record 12/105 [Row 32]
FFN: 1006210769 | Gmail: mitrasanjay3099@gmail.com
==================================================
Initiating login sequence on phone...
Force stopping Saudia app...
Launching Saudia app fresh...
App launch command sent.
Waiting for AlFursan tab to appear...
Clicking AlFursan Tab: AlFursan Tab 4 of 4
Click fallback: ADB Tapping at center (945, 2103)
Waiting for Login button at top right...
Clicking Login button at top right...
Waiting for Login form input fields...
Typing FFN: 1006210769
Type fallback: Tapping element to focus and typing via ADB...
Clearing existing text in field...
Typing Password...
Type fallback: Tapping element to focus and typing via ADB...
Clearing existing text in field...
Hiding soft keyboard...
Locating Login Submit Button on form...
ERROR processing Row 32: Timeout: Could not locate Login Submit Button on form!
Screenshot saved to: C:\Users\ashus\SaudiaAutomation\screenshots\row_32_final.png

==================================================
Processing Record 13/105 [Row 33]
FFN: 1006210775 | Gmail: mitrasanjay3099@gmail.com
==================================================
Initiating login sequence on phone...
Force stopping Saudia app...
Launching Saudia app fresh...
App launch command sent.
Waiting for AlFursan tab to appear...
Clicking AlFursan Tab: AlFursan Tab 4 of 4
Click fallback: ADB Tapping at center (945, 2103)
Waiting for Login button at top right...
Clicking Login button at top right...
Waiting for Login form input fields...
Typing FFN: 1006210775
Type fallback: Tapping element to focus and typing via ADB...
Clearing existing text in field...
Typing Password...
Type fallback: Tapping element to focus and typing via ADB...
Clearing existing text in field...
Hiding soft keyboard...
Locating Login Submit Button on form...
ERROR processing Row 33: Timeout: Could not locate Login Submit Button on form!
Screenshot saved to: C:\Users\ashus\SaudiaAutomation\screenshots\row_33_final.png

==================================================
Processing Record 14/105 [Row 34]
FFN: 1006210782 | Gmail: mitrasanjay3099@gmail.com
==================================================
Initiating login sequence on phone...
Force stopping Saudia app...
Launching Saudia app fresh...
App launch command sent.
Waiting for AlFursan tab to appear...
Clicking AlFursan Tab: AlFursan Tab 4 of 4
Click fallback: ADB Tapping at center (945, 2103)
Waiting for Login button at top right...
Clicking Login button at top right...
Waiting for Login form input fields...
Typing FFN: 1006210782
Type fallback: Tapping element to focus and typing via ADB...
Clearing existing text in field...
Typing Password...
Type fallback: Tapping element to focus and typing via ADB...
Clearing existing text in field...
Hiding soft keyboard...
Locating Login Submit Button on form...
ERROR processing Row 34: Timeout: Could not locate Login Submit Button on form!
Screenshot saved to: C:\Users\ashus\SaudiaAutomation\screenshots\row_34_final.png

==================================================
Processing Record 15/105 [Row 35]
FFN: 1006210788 | Gmail: mitrasanjay3099@gmail.com
==================================================
Initiating login sequence on phone...
Force stopping Saudia app...
Launching Saudia app fresh...
App launch command sent.
Waiting for AlFursan tab to appear...
Clicking AlFursan Tab: AlFursan Tab 4 of 4
Click fallback: ADB Tapping at center (945, 2103)
Waiting for Login button at top right...
Clicking Login button at top right...
Waiting for Login form input fields...
Typing FFN: 1006210788
Type fallback: Tapping element to focus and typing via ADB...
Clearing existing text in field...
Typing Password...
Type fallback: Tapping element to focus and typing via ADB...
Clearing existing text in field...
Hiding soft keyboard...
Locating Login Submit Button on form...
ERROR processing Row 35: Timeout: Could not locate Login Submit Button on form!
Screenshot saved to: C:\Users\ashus\SaudiaAutomation\screenshots\row_35_final.png

==================================================
Processing Record 16/105 [Row 38]
FFN: 1006210789 | Gmail: mitrasanjay3099@gmail.com
==================================================
Initiating login sequence on phone...
Force stopping Saudia app...
Launching Saudia app fresh...
App launch command sent.
Waiting for AlFursan tab to appear...
Clicking AlFursan Tab: AlFursan Tab 4 of 4
Click fallback: ADB Tapping at center (945, 2103)
Waiting for Login button at top right...
Clicking Login button at top right...
Waiting for Login form input fields...
Typing FFN: 1006210789
Type fallback: Tapping element to focus and typing via ADB...
Clearing existing text in field...
Typing Password...
Type fallback: Tapping element to focus and typing via ADB...
Clearing existing text in field...
Hiding soft keyboard...
Locating Login Submit Button on form...
ERROR processing Row 38: Timeout: Could not locate Login Submit Button on form!
Screenshot saved to: C:\Users\ashus\SaudiaAutomation\screenshots\row_38_final.png

==================================================
Processing Record 17/105 [Row 39]
FFN: 1006210801 | Gmail: mitrasanjay3099@gmail.com
==================================================
Initiating login sequence on phone...
Force stopping Saudia app...
Launching Saudia app fresh...
App launch command sent.
Waiting for AlFursan tab to appear...
Clicking AlFursan Tab: AlFursan Tab 4 of 4
Click fallback: ADB Tapping at center (945, 2103)
Waiting for Login button at top right...
Clicking Login button at top right...
Waiting for Login form input fields...
Typing FFN: 1006210801
Type fallback: Tapping element to focus and typing via ADB...
Clearing existing text in field...
Typing Password...
Type fallback: Tapping element to focus and typing via ADB...
Clearing existing text in field...
Hiding soft keyboard...
Locating Login Submit Button on form...
ERROR processing Row 39: Timeout: Could not locate Login Submit Button on form!
Screenshot saved to: C:\Users\ashus\SaudiaAutomation\screenshots\row_39_final.png

==================================================
Processing Record 18/105 [Row 40]
FFN: 1006210807 | Gmail: mitrasanjay3099@gmail.com
==================================================
Initiating login sequence on phone...
Force stopping Saudia app...
Launching Saudia app fresh...
App launch command sent.
Waiting for AlFursan tab to appear...
Clicking AlFursan Tab: AlFursan Tab 4 of 4
Click fallback: ADB Tapping at center (945, 2103)
Waiting for Login button at top right...
Clicking Login button at top right...
Waiting for Login form input fields...
Typing FFN: 1006210807
Type fallback: Tapping element to focus and typing via ADB...
Clearing existing text in field...
Typing Password...
Type fallback: Tapping element to focus and typing via ADB...
Clearing existing text in field...
Hiding soft keyboard...
Locating Login Submit Button on form...
ERROR processing Row 40: Timeout: Could not locate Login Submit Button on form!
Screenshot saved to: C:\Users\ashus\SaudiaAutomation\screenshots\row_40_final.png

==================================================
Processing Record 19/105 [Row 41]
FFN: 1006210811 | Gmail: mitrasanjay3099@gmail.com
==================================================
Initiating login sequence on phone...
Force stopping Saudia app...
Launching Saudia app fresh...
App launch command sent.
Waiting for AlFursan tab to appear...
Clicking AlFursan Tab: AlFursan Tab 4 of 4
Click fallback: ADB Tapping at center (945, 2103)
Waiting for Login button at top right...
Clicking Login button at top right...
Waiting for Login form input fields...
Typing FFN: 1006210811
Type fallback: Tapping element to focus and typing via ADB...
Clearing existing text in field...
Typing Password...
Type fallback: Tapping element to focus and typing via ADB...
Clearing existing text in field...
Hiding soft keyboard...
Locating Login Submit Button on form...
ERROR processing Row 41: Timeout: Could not locate Login Submit Button on form!
Screenshot saved to: C:\Users\ashus\SaudiaAutomation\screenshots\row_41_final.png

==================================================
Processing Record 20/105 [Row 42]
FFN: 1006210814 | Gmail: mitrasanjay3099@gmail.com
==================================================
Initiating login sequence on phone...
Force stopping Saudia app...
Launching Saudia app fresh...
App launch command sent.
Waiting for AlFursan tab to appear...
Clicking AlFursan Tab: AlFursan Tab 4 of 4
Click fallback: ADB Tapping at center (945, 2103)
Waiting for Login button at top right...
Clicking Login button at top right...
Waiting for Login form input fields...
Typing FFN: 1006210814
Type fallback: Tapping element to focus and typing via ADB...
Clearing existing text in field...
Typing Password...
Type fallback: Tapping element to focus and typing via ADB...
Clearing existing text in field...
Hiding soft keyboard...
Locating Login Submit Button on form...
ERROR processing Row 42: Timeout: Could not locate Login Submit Button on form!
Screenshot saved to: C:\Users\ashus\SaudiaAutomation\screenshots\row_42_final.png

==================================================
Processing Record 21/105 [Row 43]
FFN: 1006210816 | Gmail: mitrasanjay3099@gmail.com
==================================================
Initiating login sequence on phone...
Force stopping Saudia app...
Launching Saudia app fresh...
App launch command sent.
Waiting for AlFursan tab to appear...
Clicking AlFursan Tab: AlFursan Tab 4 of 4
Click fallback: ADB Tapping at center (945, 2103)
Waiting for Login button at top right...
Clicking Login button at top right...
Waiting for Login form input fields...
Typing FFN: 1006210816
Type fallback: Tapping element to focus and typing via ADB...
Clearing existing text in field...
Typing Password...
Type fallback: Tapping element to focus and typing via ADB...
Clearing existing text in field...
Hiding soft keyboard...
Locating Login Submit Button on form...
ERROR processing Row 43: Timeout: Could not locate Login Submit Button on form!
Screenshot saved to: C:\Users\ashus\SaudiaAutomation\screenshots\row_43_final.png

==================================================
Processing Record 22/105 [Row 44]
FFN: 1006210820 | Gmail: mitrasanjay3099@gmail.com
==================================================
Initiating login sequence on phone...
Force stopping Saudia app...
Launching Saudia app fresh...
App launch command sent.
Waiting for AlFursan tab to appear...
Clicking AlFursan Tab: AlFursan Tab 4 of 4
Click fallback: ADB Tapping at center (945, 2103)
Waiting for Login button at top right...
Clicking Login button at top right...
Waiting for Login form input fields...
Typing FFN: 1006210820
Type fallback: Tapping element to focus and typing via ADB...
Clearing existing text in field...
Typing Password...
Type fallback: Tapping element to focus and typing via ADB...
Clearing existing text in field...
Hiding soft keyboard...
Locating Login Submit Button on form...
ERROR processing Row 44: Timeout: Could not locate Login Submit Button on form!
Screenshot saved to: C:\Users\ashus\SaudiaAutomation\screenshots\row_44_final.png

==================================================
Processing Record 23/105 [Row 45]
FFN: 1006210821 | Gmail: mitrasanjay3099@gmail.com
==================================================
Initiating login sequence on phone...
Force stopping Saudia app...
Launching Saudia app fresh...
