Logging initialized. Output saved to: C:\Users\ashus\SaudiaAutomation\logs\run_20260702_185051.log
============================================================
         SAUDIA AIRLINES LOGIN AUTOMATION
============================================================
Performing device connectivity health check...
Device connectivity: OK
Checking Brave browser debugging port...
Brave remote debugging is already running and reachable.
Brave browser status: OK
Reading passenger list from Excel...
Successfully loaded 119 pending passenger records.

==================================================
Processing Record 1/119 [Row 7]
FFN: 1006210593 | Gmail: mitrasanjay3099@gmail.com
==================================================

[ACTION REQUIRED] Please switch Gmail account in Brave.
--> Target Gmail: mitrasanjay3099@gmail.com
Make sure Gmail is open and active in Brave browser.
Waiting for ready.txt flag to proceed...
Initiating login sequence on phone...
Force stopping Saudia app...
Launching Saudia app fresh...
App launch command sent.
Waiting for AlFursan tab to appear...
Clicking AlFursan Tab: AlFursan Tab 4 of 4
Click fallback: ADB Tapping at center (945, 2103)
Waiting for Login button at top right...
Clicking Login button at top right...
Waiting for Login form input fields...
Typing FFN: 1006210593
Type fallback: Tapping element to focus and typing via ADB...
Clearing existing text in field...
Typing Password...
Type fallback: Tapping element to focus and typing via ADB...
Clearing existing text in field...
Hiding soft keyboard by sending ESCAPE (111) keyevent...
Locating Login Submit Button on form...
Found Login Button by exact content_desc match: 'Login Button'
Clicking Login Submit Button...
Click fallback: ADB Tapping at center (540, 1957)
Login form submitted at: 2026-07-02T18:51:29.038395
Polling Gmail for verification code...
Waiting for OTP. Timeout: 120 seconds...
Connecting to Brave via CDP...
Navigating to Gmail...
Searching for subject: 'Retrieve AlFursan OTP'...
Waiting for search URL to activate...
Waiting for email list to populate...
Inspecting 51 search rows for exact subject match...
Found matching row at index 1.
Opening the matched email...
Extracted OTP candidate: 693501
SUCCESS: OTP 693501 retrieved!
Entering OTP code 693501 into the Saudia app...
Entering OTP: 693501
Tapping OTP field to ensure focus...
Using ADB typing to trigger auto-submit listeners...
Waiting 5 seconds for login processing...
Verifying login status on device screen...
ERROR processing Row 7: Login failed: Dashboard indicators not found. Still on OTP or unknown state.
Screenshot saved to: C:\Users\ashus\SaudiaAutomation\screenshots\row_7_final.png

==================================================
Processing Record 2/119 [Row 8]
FFN: 1006210601 | Gmail: mitrasanjay3099@gmail.com
==================================================
Initiating login sequence on phone...
Force stopping Saudia app...
Launching Saudia app fresh...
App launch command sent.
Waiting for AlFursan tab to appear...
Clicking AlFursan Tab: AlFursan Tab 4 of 4
Click fallback: ADB Tapping at center (945, 2103)
Waiting for Login button at top right...
Clicking Login button at top right...
Waiting for Login form input fields...
Typing FFN: 1006210601
Type fallback: Tapping element to focus and typing via ADB...
Clearing existing text in field...
Typing Password...
Type fallback: Tapping element to focus and typing via ADB...
Clearing existing text in field...
Hiding soft keyboard by sending ESCAPE (111) keyevent...
Locating Login Submit Button on form...
