Logging initialized. Output saved to: C:\Users\ashus\SaudiaAutomation\logs\run_20260703_155033.log
============================================================
         SAUDIA AIRLINES LOGIN AUTOMATION
============================================================
Performing device connectivity health check...
Device connectivity: OK
Checking Brave browser debugging port...
Brave remote debugging is already running and reachable.
Brave browser status: OK
Reading passenger list from Excel...
Successfully loaded 124 pending passenger records.

==================================================
Processing Record 1/124 [Row 2]
FFN: 1006210567 | Gmail: mitrasanjay3099@gmail.com
==================================================

[ACTION REQUIRED] Please switch Gmail account in Brave.
--> Target Gmail: mitrasanjay3099@gmail.com
Make sure Gmail is open and active in Brave browser.
Waiting for ready.txt flag to proceed...
Initiating login sequence on phone...
Force stopping Saudia app...
Launching Saudia app fresh...
App launch command sent.
Waiting for AlFursan tab to appear...
Clicking AlFursan Tab: AlFursan Tab 4 of 4
Click fallback: ADB Tapping at center (945, 2103)
Waiting for Login button at top right...
Clicking Login button at top right...
Waiting for Login form input fields...
Typing FFN: 1006210567
Type fallback: Tapping element to focus and typing via ADB...
Clearing existing text in field...
Typing Password...
Type fallback: Tapping element to focus and typing via ADB...
Clearing existing text in field...
Hiding soft keyboard by sending ESCAPE (111) keyevent...
Locating Login Submit Button on form...
Found Login Button by exact content_desc match: 'Login Button'
Clicking Login Submit Button...
Click fallback: ADB Tapping at center (540, 1957)
Login form submitted at: 2026-07-03T15:51:11.123298
Polling Gmail for verification code...
Waiting for OTP. Timeout: 120 seconds...
Connecting to Brave via CDP...
Navigating to Gmail...
Reloading page to get fresh inbox...
Searching for subject: 'Retrieve AlFursan OTP'...
Error during Gmail OTP extraction: Locator.fill: Target page, context or browser has been closed
OTP not found. Elapsed: 10s/120s. Retrying in 5s...
Connecting to Brave via CDP...
Navigating to Gmail...
Reloading page to get fresh inbox...
Searching for subject: 'Retrieve AlFursan OTP'...
Waiting for search URL to activate...
Waiting for email list to populate...
Inspecting 50 search rows for exact subject match...
No VALID/FRESH rows matched the subject 'Retrieve AlFursan OTP' in their preview text.
OTP not found. Elapsed: 41s/120s. Retrying in 5s...
Connecting to Brave via CDP...
Navigating to Gmail...
Reloading page to get fresh inbox...
Searching for subject: 'Retrieve AlFursan OTP'...
Waiting for search URL to activate...
Waiting for email list to populate...
Inspecting 52 search rows for exact subject match...
Found matching row at index 1.
Opening the matched email...
Extracted OTP candidate: 854902
Delete button not found. Email will remain in inbox.
SUCCESS: OTP 854902 retrieved!
SUCCESS: OTP 854902 retrieved!
Entering OTP code 854902 into the Saudia app (attempt 1)...
Entering OTP: 854902
DEBUG: Found 16 elements on OTP screen:
  - Text: '' | Desc: '' | Bounds: 0 0 1080 2340
  - Text: '' | Desc: '' | Bounds: 0 0 1080 2340
  - Text: '' | Desc: '' | Bounds: 12 113 147 248
  - Text: '' | Desc: 'Previous screen' | Bounds: 45 146 113 214
  - Text: 'Verification required' | Desc: '' | Bounds: 56 348 1024 444
  - Text: 'A verification code has been sent to your registered email, mit.**************@gmai*****' | Desc: '' | Bounds: 56 467 1024 603
  - Text: '' | Desc: 'Please enter the verification code sent to you phone number here' | Bounds: 56 716 1024 919
DEBUG: Matched OTP field: {'text': '', 'resource_id': '', 'content_desc': 'Please enter the verification code sent to you phone number here', 'class': 'android.view.View', 'clickable': True, 'bounds': '56 716 1024 919'}
Tapping OTP field at far-left (96, 817) to ensure focus...
Using ADB typing to trigger auto-submit listeners...
Waiting 5 seconds for login processing...
DEBUG: Pausing execution so we can dump the post-login screen.
Waiting for login_paused.txt to be deleted...
