Logging initialized. Output saved to: C:\Users\ashus\SaudiaAutomation\logs\run_20260702_180022.log
============================================================
         SAUDIA AIRLINES LOGIN AUTOMATION
============================================================
Performing device connectivity health check...
Device connectivity: OK
Checking Brave browser debugging port...
Brave remote debugging is already running and reachable.
Brave browser status: OK
Reading passenger list from Excel...
Successfully loaded 115 pending passenger records.

==================================================
Processing Record 1/115 [Row 7]
FFN: 1006210593 | Gmail: mitrasanjay3099@gmail.com
==================================================

[ACTION REQUIRED] Please switch Gmail account in Brave.
--> Target Gmail: mitrasanjay3099@gmail.com
Make sure Gmail is open and active in Brave browser.
Waiting for ready.txt flag to proceed...
Initiating login sequence on phone...
Force stopping Saudia app...
Launching Saudia app fresh...
App launch command sent.
Waiting for AlFursan tab to appear...
Clicking AlFursan Tab: AlFursan Tab 4 of 4
Click fallback: ADB Tapping at center (945, 2103)
Waiting for Login button at top right...
Clicking Login button at top right...
Waiting for Login form input fields...
Typing FFN: 1006210593
Type fallback: Tapping element to focus and typing via ADB...
Clearing existing text in field...
Typing Password...
Type fallback: Tapping element to focus and typing via ADB...
Clearing existing text in field...
Hiding soft keyboard by sending ENTER keyevent...
Checking if Login Submit Button is still present...
Login Submit Button not found. Assuming ENTER key successfully submitted the form!
Login form submitted at: 2026-07-02T18:01:04.614677
Polling Gmail for verification code...
Waiting for OTP. Timeout: 120 seconds...
Connecting to Brave via CDP...
Navigating to Gmail...
Searching for subject: 'Retrieve AlFursan OTP'...
Waiting for search URL to activate...
Waiting for email list to populate...
Inspecting 60 search rows for exact subject match...
Found matching row at index 1.
Opening the matched email...
Extracted OTP candidate: 481040
SUCCESS: OTP 481040 retrieved!
Entering OTP code 481040 into the Saudia app...
Entering OTP: 481040
HTTP OTP failed or not supported. Using ADB fallback typing...
Waiting 5 seconds for login processing...
Verifying login status on device screen...
Login fields and button no longer visible. Assuming success.
SUCCESS: FFN 1006210593 logged in successfully! (No login fields visible)
Screenshot saved to: C:\Users\ashus\SaudiaAutomation\screenshots\row_7_final.png

==================================================
Processing Record 2/115 [Row 8]
FFN: 1006210601 | Gmail: mitrasanjay3099@gmail.com
==================================================
Initiating login sequence on phone...
Force stopping Saudia app...
Launching Saudia app fresh...
App launch command sent.
Waiting for AlFursan tab to appear...
Clicking AlFursan Tab: AlFursan Tab 4 of 4
Click fallback: ADB Tapping at center (945, 2103)
Waiting for Login button at top right...
Clicking Login button at top right...
Waiting for Login form input fields...
Typing FFN: 1006210601
Type fallback: Tapping element to focus and typing via ADB...
Clearing existing text in field...
Typing Password...
Type fallback: Tapping element to focus and typing via ADB...
Clearing existing text in field...
Hiding soft keyboard by sending ENTER keyevent...
Checking if Login Submit Button is still present...
Login Submit Button not found. Assuming ENTER key successfully submitted the form!
Login form submitted at: 2026-07-02T18:01:59.733184
Polling Gmail for verification code...
Waiting for OTP. Timeout: 120 seconds...
Connecting to Brave via CDP...
Navigating to Gmail...
Searching for subject: 'Retrieve AlFursan OTP'...
Waiting for search URL to activate...
Waiting for email list to populate...
Inspecting 60 search rows for exact subject match...
Found matching row at index 1.
Opening the matched email...
Extracted OTP candidate: 481040
SUCCESS: OTP 481040 retrieved!
Entering OTP code 481040 into the Saudia app...
Entering OTP: 481040
HTTP OTP failed or not supported. Using ADB fallback typing...
Waiting 5 seconds for login processing...
Verifying login status on device screen...
Login fields and button no longer visible. Assuming success.
SUCCESS: FFN 1006210601 logged in successfully! (No login fields visible)
Screenshot saved to: C:\Users\ashus\SaudiaAutomation\screenshots\row_8_final.png

==================================================
Processing Record 3/115 [Row 9]
FFN: 1006210615 | Gmail: mitrasanjay3099@gmail.com
==================================================
Initiating login sequence on phone...
Force stopping Saudia app...
Launching Saudia app fresh...
App launch command sent.
Waiting for AlFursan tab to appear...
Clicking AlFursan Tab: AlFursan Tab 4 of 4
Click fallback: ADB Tapping at center (945, 2103)
Waiting for Login button at top right...
Clicking Login button at top right...
Waiting for Login form input fields...
Typing FFN: 1006210615
Type fallback: Tapping element to focus and typing via ADB...
Clearing existing text in field...
Typing Password...
Type fallback: Tapping element to focus and typing via ADB...
Clearing existing text in field...
Hiding soft keyboard by sending ENTER keyevent...
Checking if Login Submit Button is still present...
Login Submit Button not found. Assuming ENTER key successfully submitted the form!
Login form submitted at: 2026-07-02T18:03:00.567323
Polling Gmail for verification code...
Waiting for OTP. Timeout: 120 seconds...
Connecting to Brave via CDP...
Navigating to Gmail...
Searching for subject: 'Retrieve AlFursan OTP'...
Waiting for search URL to activate...
Waiting for email list to populate...
Inspecting 60 search rows for exact subject match...
Found matching row at index 1.
Opening the matched email...
Extracted OTP candidate: 481040
SUCCESS: OTP 481040 retrieved!
Entering OTP code 481040 into the Saudia app...
Entering OTP: 481040
HTTP OTP failed or not supported. Using ADB fallback typing...
Waiting 5 seconds for login processing...
Verifying login status on device screen...
Login fields and button no longer visible. Assuming success.
SUCCESS: FFN 1006210615 logged in successfully! (No login fields visible)
Screenshot saved to: C:\Users\ashus\SaudiaAutomation\screenshots\row_9_final.png

==================================================
Processing Record 4/115 [Row 10]
FFN: 1006210619 | Gmail: mitrasanjay3099@gmail.com
==================================================
Initiating login sequence on phone...
Force stopping Saudia app...
Launching Saudia app fresh...
App launch command sent.
Waiting for AlFursan tab to appear...
Clicking AlFursan Tab: AlFursan Tab 4 of 4
Click fallback: ADB Tapping at center (945, 2103)
Waiting for Login button at top right...
Clicking Login button at top right...
Waiting for Login form input fields...
Typing FFN: 1006210619
Type fallback: Tapping element to focus and typing via ADB...
Clearing existing text in field...
Typing Password...
Type fallback: Tapping element to focus and typing via ADB...
Clearing existing text in field...
Hiding soft keyboard by sending ENTER keyevent...
Checking if Login Submit Button is still present...
Login Submit Button not found. Assuming ENTER key successfully submitted the form!
Login form submitted at: 2026-07-02T18:03:59.260930
Polling Gmail for verification code...
Waiting for OTP. Timeout: 120 seconds...
Connecting to Brave via CDP...
Navigating to Gmail...
Searching for subject: 'Retrieve AlFursan OTP'...
Waiting for search URL to activate...
Waiting for email list to populate...
Inspecting 60 search rows for exact subject match...
Found matching row at index 1.
Opening the matched email...
Extracted OTP candidate: 481040
SUCCESS: OTP 481040 retrieved!
Entering OTP code 481040 into the Saudia app...
Entering OTP: 481040
HTTP OTP failed or not supported. Using ADB fallback typing...
Waiting 5 seconds for login processing...
Verifying login status on device screen...
Login fields and button no longer visible. Assuming success.
SUCCESS: FFN 1006210619 logged in successfully! (No login fields visible)
Screenshot saved to: C:\Users\ashus\SaudiaAutomation\screenshots\row_10_final.png

==================================================
Processing Record 5/115 [Row 11]
FFN: 1006210623 | Gmail: mitrasanjay3099@gmail.com
==================================================
Initiating login sequence on phone...
Force stopping Saudia app...
Launching Saudia app fresh...
App launch command sent.
Waiting for AlFursan tab to appear...
Clicking AlFursan Tab: AlFursan Tab 4 of 4
Click fallback: ADB Tapping at center (945, 2103)
Waiting for Login button at top right...
Clicking Login button at top right...
Waiting for Login form input fields...
Typing FFN: 1006210623
Type fallback: Tapping element to focus and typing via ADB...
Clearing existing text in field...
Typing Password...
Type fallback: Tapping element to focus and typing via ADB...
Clearing existing text in field...
Hiding soft keyboard by sending ENTER keyevent...
Checking if Login Submit Button is still present...
Login Submit Button not found. Assuming ENTER key successfully submitted the form!
Login form submitted at: 2026-07-02T18:05:00.967195
Polling Gmail for verification code...
Waiting for OTP. Timeout: 120 seconds...
Connecting to Brave via CDP...
Navigating to Gmail...
Searching for subject: 'Retrieve AlFursan OTP'...
Waiting for search URL to activate...
Waiting for email list to populate...
Inspecting 60 search rows for exact subject match...
Found matching row at index 1.
Opening the matched email...
Extracted OTP candidate: 481040
SUCCESS: OTP 481040 retrieved!
Entering OTP code 481040 into the Saudia app...
Entering OTP: 481040
HTTP OTP failed or not supported. Using ADB fallback typing...
Waiting 5 seconds for login processing...
Verifying login status on device screen...
Login fields and button no longer visible. Assuming success.
SUCCESS: FFN 1006210623 logged in successfully! (No login fields visible)
Screenshot saved to: C:\Users\ashus\SaudiaAutomation\screenshots\row_11_final.png

==================================================
Processing Record 6/115 [Row 12]
FFN: 1006210629 | Gmail: mitrasanjay3099@gmail.com
==================================================
Initiating login sequence on phone...
Force stopping Saudia app...
Launching Saudia app fresh...
App launch command sent.
Waiting for AlFursan tab to appear...
Clicking AlFursan Tab: AlFursan Tab 4 of 4
Click fallback: ADB Tapping at center (945, 2103)
Waiting for Login button at top right...
Clicking Login button at top right...
Waiting for Login form input fields...
Typing FFN: 1006210629
Type fallback: Tapping element to focus and typing via ADB...
Clearing existing text in field...
Typing Password...
Type fallback: Tapping element to focus and typing via ADB...
Clearing existing text in field...
Hiding soft keyboard by sending ENTER keyevent...
Checking if Login Submit Button is still present...
Login Submit Button not found. Assuming ENTER key successfully submitted the form!
Login form submitted at: 2026-07-02T18:06:02.291086
Polling Gmail for verification code...
Waiting for OTP. Timeout: 120 seconds...
Connecting to Brave via CDP...
Navigating to Gmail...
Searching for subject: 'Retrieve AlFursan OTP'...
Waiting for search URL to activate...
Waiting for email list to populate...
Inspecting 60 search rows for exact subject match...
Found matching row at index 1.
Opening the matched email...
Extracted OTP candidate: 481040
SUCCESS: OTP 481040 retrieved!
Entering OTP code 481040 into the Saudia app...
Entering OTP: 481040
HTTP OTP failed or not supported. Using ADB fallback typing...
Waiting 5 seconds for login processing...
Verifying login status on device screen...
Login fields and button no longer visible. Assuming success.
SUCCESS: FFN 1006210629 logged in successfully! (No login fields visible)
Screenshot saved to: C:\Users\ashus\SaudiaAutomation\screenshots\row_12_final.png

==================================================
Processing Record 7/115 [Row 13]
FFN: 1006210634 | Gmail: mitrasanjay3099@gmail.com
==================================================
Initiating login sequence on phone...
Force stopping Saudia app...
Launching Saudia app fresh...
App launch command sent.
Waiting for AlFursan tab to appear...
ERROR processing Row 13: Timeout: Could not find 'AlFursan' tab on Home screen!
Screenshot saved to: C:\Users\ashus\SaudiaAutomation\screenshots\row_13_final.png

==================================================
Processing Record 8/115 [Row 14]
FFN: 1006210639 | Gmail: mitrasanjay3099@gmail.com
==================================================
Initiating login sequence on phone...
Force stopping Saudia app...
Launching Saudia app fresh...
App launch command sent.
Waiting for AlFursan tab to appear...
ERROR processing Row 14: Timeout: Could not find 'AlFursan' tab on Home screen!
Screenshot saved to: C:\Users\ashus\SaudiaAutomation\screenshots\row_14_final.png

==================================================
Processing Record 9/115 [Row 15]
FFN: 1006210654 | Gmail: mitrasanjay3099@gmail.com
==================================================
Initiating login sequence on phone...
Force stopping Saudia app...
Launching Saudia app fresh...
App launch command sent.
Waiting for AlFursan tab to appear...
ERROR processing Row 15: Timeout: Could not find 'AlFursan' tab on Home screen!
Screenshot saved to: C:\Users\ashus\SaudiaAutomation\screenshots\row_15_final.png

==================================================
Processing Record 10/115 [Row 16]
FFN: 1006210662 | Gmail: mitrasanjay3099@gmail.com
==================================================
Initiating login sequence on phone...
Force stopping Saudia app...
Launching Saudia app fresh...
App launch command sent.
Waiting for AlFursan tab to appear...
ERROR processing Row 16: Timeout: Could not find 'AlFursan' tab on Home screen!
Screenshot saved to: C:\Users\ashus\SaudiaAutomation\screenshots\row_16_final.png

==================================================
Processing Record 11/115 [Row 17]
FFN: 1006210663 | Gmail: mitrasanjay3099@gmail.com
==================================================
Initiating login sequence on phone...
Force stopping Saudia app...
Launching Saudia app fresh...
App launch command sent.
Waiting for AlFursan tab to appear...
ERROR processing Row 17: Timeout: Could not find 'AlFursan' tab on Home screen!
Screenshot saved to: C:\Users\ashus\SaudiaAutomation\screenshots\row_17_final.png

==================================================
Processing Record 12/115 [Row 18]
FFN: 1006210669 | Gmail: mitrasanjay3099@gmail.com
==================================================
Initiating login sequence on phone...
Force stopping Saudia app...
Launching Saudia app fresh...
App launch command sent.
Waiting for AlFursan tab to appear...
ERROR processing Row 18: Timeout: Could not find 'AlFursan' tab on Home screen!
Screenshot saved to: C:\Users\ashus\SaudiaAutomation\screenshots\row_18_final.png

==================================================
Processing Record 13/115 [Row 19]
FFN: 1006210674 | Gmail: mitrasanjay3099@gmail.com
==================================================
Initiating login sequence on phone...
Force stopping Saudia app...
Launching Saudia app fresh...
App launch command sent.
Waiting for AlFursan tab to appear...
ERROR processing Row 19: Timeout: Could not find 'AlFursan' tab on Home screen!
Screenshot saved to: C:\Users\ashus\SaudiaAutomation\screenshots\row_19_final.png

==================================================
Processing Record 14/115 [Row 20]
FFN: 1006210691 | Gmail: mitrasanjay3099@gmail.com
==================================================
Initiating login sequence on phone...
Force stopping Saudia app...
Launching Saudia app fresh...
App launch command sent.
Waiting for AlFursan tab to appear...
ERROR processing Row 20: Timeout: Could not find 'AlFursan' tab on Home screen!
Screenshot saved to: C:\Users\ashus\SaudiaAutomation\screenshots\row_20_final.png

==================================================
Processing Record 15/115 [Row 21]
FFN: 1006210694 | Gmail: mitrasanjay3099@gmail.com
==================================================
Initiating login sequence on phone...
Force stopping Saudia app...
Launching Saudia app fresh...
App launch command sent.
Waiting for AlFursan tab to appear...
ERROR processing Row 21: Timeout: Could not find 'AlFursan' tab on Home screen!
Screenshot saved to: C:\Users\ashus\SaudiaAutomation\screenshots\row_21_final.png

==================================================
Processing Record 16/115 [Row 22]
FFN: 1006210707 | Gmail: mitrasanjay3099@gmail.com
==================================================
Initiating login sequence on phone...
Force stopping Saudia app...
Launching Saudia app fresh...
App launch command sent.
Waiting for AlFursan tab to appear...
ERROR processing Row 22: Timeout: Could not find 'AlFursan' tab on Home screen!
Screenshot saved to: C:\Users\ashus\SaudiaAutomation\screenshots\row_22_final.png

==================================================
Processing Record 17/115 [Row 23]
FFN: 1006210711 | Gmail: mitrasanjay3099@gmail.com
==================================================
Initiating login sequence on phone...
Force stopping Saudia app...
Launching Saudia app fresh...
App launch command sent.
Waiting for AlFursan tab to appear...
ERROR processing Row 23: Timeout: Could not find 'AlFursan' tab on Home screen!
Screenshot saved to: C:\Users\ashus\SaudiaAutomation\screenshots\row_23_final.png

==================================================
Processing Record 18/115 [Row 24]
FFN: 1006211538 | Gmail: mitrasanjay3099@gmail.com
==================================================
Initiating login sequence on phone...
Force stopping Saudia app...
Launching Saudia app fresh...
App launch command sent.
Waiting for AlFursan tab to appear...
ERROR processing Row 24: Timeout: Could not find 'AlFursan' tab on Home screen!
Screenshot saved to: C:\Users\ashus\SaudiaAutomation\screenshots\row_24_final.png

==================================================
Processing Record 19/115 [Row 25]
FFN: 1006210727 | Gmail: mitrasanjay3099@gmail.com
==================================================
Initiating login sequence on phone...
Force stopping Saudia app...
Launching Saudia app fresh...
App launch command sent.
Waiting for AlFursan tab to appear...
ERROR processing Row 25: Timeout: Could not find 'AlFursan' tab on Home screen!
Screenshot saved to: C:\Users\ashus\SaudiaAutomation\screenshots\row_25_final.png

==================================================
Processing Record 20/115 [Row 26]
FFN: 1006210731 | Gmail: mitrasanjay3099@gmail.com
==================================================
Initiating login sequence on phone...
Force stopping Saudia app...
Launching Saudia app fresh...
App launch command sent.
Waiting for AlFursan tab to appear...
ERROR processing Row 26: Timeout: Could not find 'AlFursan' tab on Home screen!
Screenshot saved to: C:\Users\ashus\SaudiaAutomation\screenshots\row_26_final.png

==================================================
Processing Record 21/115 [Row 27]
FFN: 1006210733 | Gmail: mitrasanjay3099@gmail.com
==================================================
Initiating login sequence on phone...
Force stopping Saudia app...
Launching Saudia app fresh...
App launch command sent.
Waiting for AlFursan tab to appear...
ERROR processing Row 27: Timeout: Could not find 'AlFursan' tab on Home screen!
Screenshot saved to: C:\Users\ashus\SaudiaAutomation\screenshots\row_27_final.png

==================================================
Processing Record 22/115 [Row 28]
FFN: 1006210740 | Gmail: mitrasanjay3099@gmail.com
==================================================
Initiating login sequence on phone...
Force stopping Saudia app...
Launching Saudia app fresh...
App launch command sent.
Waiting for AlFursan tab to appear...
ERROR processing Row 28: Timeout: Could not find 'AlFursan' tab on Home screen!
Screenshot saved to: C:\Users\ashus\SaudiaAutomation\screenshots\row_28_final.png

==================================================
Processing Record 23/115 [Row 29]
FFN: 1006210745 | Gmail: mitrasanjay3099@gmail.com
==================================================
Initiating login sequence on phone...
Force stopping Saudia app...
Launching Saudia app fresh...
App launch command sent.
Waiting for AlFursan tab to appear...
ERROR processing Row 29: Timeout: Could not find 'AlFursan' tab on Home screen!
Screenshot saved to: C:\Users\ashus\SaudiaAutomation\screenshots\row_29_final.png

==================================================
Processing Record 24/115 [Row 30]
FFN: 1006210750 | Gmail: mitrasanjay3099@gmail.com
==================================================
Initiating login sequence on phone...
Force stopping Saudia app...
Launching Saudia app fresh...
App launch command sent.
Waiting for AlFursan tab to appear...
ERROR processing Row 30: Timeout: Could not find 'AlFursan' tab on Home screen!
Screenshot saved to: C:\Users\ashus\SaudiaAutomation\screenshots\row_30_final.png

==================================================
Processing Record 25/115 [Row 31]
FFN: 1006210762 | Gmail: mitrasanjay3099@gmail.com
==================================================
Initiating login sequence on phone...
Force stopping Saudia app...
Launching Saudia app fresh...
App launch command sent.
Waiting for AlFursan tab to appear...
ERROR processing Row 31: Timeout: Could not find 'AlFursan' tab on Home screen!
Screenshot saved to: C:\Users\ashus\SaudiaAutomation\screenshots\row_31_final.png

==================================================
Processing Record 26/115 [Row 32]
FFN: 1006210769 | Gmail: mitrasanjay3099@gmail.com
==================================================
Initiating login sequence on phone...
Force stopping Saudia app...
Launching Saudia app fresh...
App launch command sent.
Waiting for AlFursan tab to appear...
ERROR processing Row 32: Timeout: Could not find 'AlFursan' tab on Home screen!
Screenshot saved to: C:\Users\ashus\SaudiaAutomation\screenshots\row_32_final.png

==================================================
Processing Record 27/115 [Row 33]
FFN: 1006210775 | Gmail: mitrasanjay3099@gmail.com
==================================================
Initiating login sequence on phone...
Force stopping Saudia app...
Launching Saudia app fresh...
App launch command sent.
Waiting for AlFursan tab to appear...
ERROR processing Row 33: Timeout: Could not find 'AlFursan' tab on Home screen!
Screenshot saved to: C:\Users\ashus\SaudiaAutomation\screenshots\row_33_final.png

==================================================
Processing Record 28/115 [Row 34]
FFN: 1006210782 | Gmail: mitrasanjay3099@gmail.com
==================================================
Initiating login sequence on phone...
Force stopping Saudia app...
Launching Saudia app fresh...
App launch command sent.
Waiting for AlFursan tab to appear...
ERROR processing Row 34: Timeout: Could not find 'AlFursan' tab on Home screen!
Screenshot saved to: C:\Users\ashus\SaudiaAutomation\screenshots\row_34_final.png

==================================================
Processing Record 29/115 [Row 35]
FFN: 1006210788 | Gmail: mitrasanjay3099@gmail.com
==================================================
Initiating login sequence on phone...
Force stopping Saudia app...
Launching Saudia app fresh...
App launch command sent.
Waiting for AlFursan tab to appear...
ERROR processing Row 35: Timeout: Could not find 'AlFursan' tab on Home screen!
Screenshot saved to: C:\Users\ashus\SaudiaAutomation\screenshots\row_35_final.png

==================================================
Processing Record 30/115 [Row 38]
FFN: 1006210789 | Gmail: mitrasanjay3099@gmail.com
==================================================
Initiating login sequence on phone...
Force stopping Saudia app...
Launching Saudia app fresh...
App launch command sent.
Waiting for AlFursan tab to appear...
ERROR processing Row 38: Timeout: Could not find 'AlFursan' tab on Home screen!
Screenshot saved to: C:\Users\ashus\SaudiaAutomation\screenshots\row_38_final.png

==================================================
Processing Record 31/115 [Row 39]
FFN: 1006210801 | Gmail: mitrasanjay3099@gmail.com
==================================================
Initiating login sequence on phone...
Force stopping Saudia app...
Launching Saudia app fresh...
App launch command sent.
Waiting for AlFursan tab to appear...
ERROR processing Row 39: Timeout: Could not find 'AlFursan' tab on Home screen!
Screenshot saved to: C:\Users\ashus\SaudiaAutomation\screenshots\row_39_final.png

==================================================
Processing Record 32/115 [Row 40]
FFN: 1006210807 | Gmail: mitrasanjay3099@gmail.com
==================================================
Initiating login sequence on phone...
Force stopping Saudia app...
Launching Saudia app fresh...
App launch command sent.
Waiting for AlFursan tab to appear...
ERROR processing Row 40: Timeout: Could not find 'AlFursan' tab on Home screen!
Screenshot saved to: C:\Users\ashus\SaudiaAutomation\screenshots\row_40_final.png

==================================================
Processing Record 33/115 [Row 45]
FFN: 1006210821 | Gmail: mitrasanjay3099@gmail.com
==================================================
Initiating login sequence on phone...
Force stopping Saudia app...
Launching Saudia app fresh...
App launch command sent.
Waiting for AlFursan tab to appear...
ERROR processing Row 45: Timeout: Could not find 'AlFursan' tab on Home screen!
Screenshot saved to: C:\Users\ashus\SaudiaAutomation\screenshots\row_45_final.png

==================================================
Processing Record 34/115 [Row 46]
FFN: 1006211539 | Gmail: mitrasanjay3099@gmail.com
==================================================
Initiating login sequence on phone...
Force stopping Saudia app...
Launching Saudia app fresh...
App launch command sent.
Waiting for AlFursan tab to appear...
ERROR processing Row 46: Timeout: Could not find 'AlFursan' tab on Home screen!
Screenshot saved to: C:\Users\ashus\SaudiaAutomation\screenshots\row_46_final.png

==================================================
Processing Record 35/115 [Row 47]
FFN: 1006211544 | Gmail: mitrasanjay3099@gmail.com
==================================================
Initiating login sequence on phone...
Force stopping Saudia app...
Launching Saudia app fresh...
App launch command sent.
Waiting for AlFursan tab to appear...
ERROR processing Row 47: Timeout: Could not find 'AlFursan' tab on Home screen!
Screenshot saved to: C:\Users\ashus\SaudiaAutomation\screenshots\row_47_final.png

==================================================
Processing Record 36/115 [Row 48]
FFN: 1006210843 | Gmail: mitrasanjay3099@gmail.com
==================================================
Initiating login sequence on phone...
Force stopping Saudia app...
Launching Saudia app fresh...
App launch command sent.
Waiting for AlFursan tab to appear...
ERROR processing Row 48: Timeout: Could not find 'AlFursan' tab on Home screen!
Screenshot saved to: C:\Users\ashus\SaudiaAutomation\screenshots\row_48_final.png

==================================================
Processing Record 37/115 [Row 49]
FFN: 1006211551 | Gmail: mitrasanjay3099@gmail.com
==================================================
Initiating login sequence on phone...
Force stopping Saudia app...
Launching Saudia app fresh...
App launch command sent.
Waiting for AlFursan tab to appear...
ERROR processing Row 49: Timeout: Could not find 'AlFursan' tab on Home screen!
Screenshot saved to: C:\Users\ashus\SaudiaAutomation\screenshots\row_49_final.png

==================================================
Processing Record 38/115 [Row 50]
FFN: 1006210846 | Gmail: mitrasanjay3099@gmail.com
==================================================
Initiating login sequence on phone...
Force stopping Saudia app...
Launching Saudia app fresh...
App launch command sent.
Waiting for AlFursan tab to appear...
ERROR processing Row 50: Timeout: Could not find 'AlFursan' tab on Home screen!
Screenshot saved to: C:\Users\ashus\SaudiaAutomation\screenshots\row_50_final.png

==================================================
Processing Record 39/115 [Row 51]
FFN: 1006210853 | Gmail: mitrasanjay3099@gmail.com
==================================================
Initiating login sequence on phone...
Force stopping Saudia app...
Launching Saudia app fresh...
App launch command sent.
Waiting for AlFursan tab to appear...
ERROR processing Row 51: Timeout: Could not find 'AlFursan' tab on Home screen!
Screenshot saved to: C:\Users\ashus\SaudiaAutomation\screenshots\row_51_final.png

==================================================
Processing Record 40/115 [Row 52]
FFN: 1006210856 | Gmail: mitrasanjay3099@gmail.com
==================================================
Initiating login sequence on phone...
Force stopping Saudia app...
Launching Saudia app fresh...
App launch command sent.
Waiting for AlFursan tab to appear...
ERROR processing Row 52: Timeout: Could not find 'AlFursan' tab on Home screen!
Screenshot saved to: C:\Users\ashus\SaudiaAutomation\screenshots\row_52_final.png

==================================================
Processing Record 41/115 [Row 53]
FFN: 1006210860 | Gmail: mitrasanjay3099@gmail.com
==================================================
Initiating login sequence on phone...
Force stopping Saudia app...
Launching Saudia app fresh...
App launch command sent.
Waiting for AlFursan tab to appear...
ERROR processing Row 53: Timeout: Could not find 'AlFursan' tab on Home screen!
Screenshot saved to: C:\Users\ashus\SaudiaAutomation\screenshots\row_53_final.png

==================================================
Processing Record 42/115 [Row 54]
FFN: 1006210876 | Gmail: mitrasanjay3099@gmail.com
==================================================
Initiating login sequence on phone...
Force stopping Saudia app...
Launching Saudia app fresh...
App launch command sent.
Waiting for AlFursan tab to appear...
ERROR processing Row 54: Timeout: Could not find 'AlFursan' tab on Home screen!
Screenshot saved to: C:\Users\ashus\SaudiaAutomation\screenshots\row_54_final.png

==================================================
Processing Record 43/115 [Row 55]
FFN: 1006210889 | Gmail: mitrasanjay3099@gmail.com
==================================================
Initiating login sequence on phone...
Force stopping Saudia app...
Launching Saudia app fresh...
App launch command sent.
Waiting for AlFursan tab to appear...
ERROR processing Row 55: Timeout: Could not find 'AlFursan' tab on Home screen!
Screenshot saved to: C:\Users\ashus\SaudiaAutomation\screenshots\row_55_final.png

==================================================
Processing Record 44/115 [Row 56]
FFN: 1006210894 | Gmail: mitrasanjay3099@gmail.com
==================================================
Initiating login sequence on phone...
Force stopping Saudia app...
Launching Saudia app fresh...
App launch command sent.
Waiting for AlFursan tab to appear...
ERROR processing Row 56: Timeout: Could not find 'AlFursan' tab on Home screen!
Screenshot saved to: C:\Users\ashus\SaudiaAutomation\screenshots\row_56_final.png

==================================================
Processing Record 45/115 [Row 57]
FFN: 1006210898 | Gmail: mitrasanjay3099@gmail.com
==================================================
Initiating login sequence on phone...
Force stopping Saudia app...
Launching Saudia app fresh...
App launch command sent.
Waiting for AlFursan tab to appear...
ERROR processing Row 57: Timeout: Could not find 'AlFursan' tab on Home screen!
Screenshot saved to: C:\Users\ashus\SaudiaAutomation\screenshots\row_57_final.png

==================================================
Processing Record 46/115 [Row 58]
FFN: 1006210901 | Gmail: mitrasanjay3099@gmail.com
==================================================
Initiating login sequence on phone...
Force stopping Saudia app...
Launching Saudia app fresh...
App launch command sent.
Waiting for AlFursan tab to appear...
ERROR processing Row 58: Timeout: Could not find 'AlFursan' tab on Home screen!
Screenshot saved to: C:\Users\ashus\SaudiaAutomation\screenshots\row_58_final.png

==================================================
Processing Record 47/115 [Row 59]
FFN: 1006210906 | Gmail: mitrasanjay3099@gmail.com
==================================================
Initiating login sequence on phone...
Force stopping Saudia app...
Launching Saudia app fresh...
App launch command sent.
Waiting for AlFursan tab to appear...
ERROR processing Row 59: Timeout: Could not find 'AlFursan' tab on Home screen!
Screenshot saved to: C:\Users\ashus\SaudiaAutomation\screenshots\row_59_final.png

==================================================
Processing Record 48/115 [Row 60]
FFN: 1006210912 | Gmail: mitrasanjay3099@gmail.com
==================================================
Initiating login sequence on phone...
Force stopping Saudia app...
Launching Saudia app fresh...
App launch command sent.
Waiting for AlFursan tab to appear...
ERROR processing Row 60: Timeout: Could not find 'AlFursan' tab on Home screen!
Screenshot saved to: C:\Users\ashus\SaudiaAutomation\screenshots\row_60_final.png

==================================================
Processing Record 49/115 [Row 61]
FFN: 1006210913 | Gmail: mitrasanjay3099@gmail.com
==================================================
Initiating login sequence on phone...
Force stopping Saudia app...
Launching Saudia app fresh...
App launch command sent.
Waiting for AlFursan tab to appear...
ERROR processing Row 61: Timeout: Could not find 'AlFursan' tab on Home screen!
Screenshot saved to: C:\Users\ashus\SaudiaAutomation\screenshots\row_61_final.png

==================================================
Processing Record 50/115 [Row 62]
FFN: 1006210928 | Gmail: mitrasanjay3099@gmail.com
==================================================
Initiating login sequence on phone...
Force stopping Saudia app...
Launching Saudia app fresh...
App launch command sent.
Waiting for AlFursan tab to appear...
ERROR processing Row 62: Timeout: Could not find 'AlFursan' tab on Home screen!
Screenshot saved to: C:\Users\ashus\SaudiaAutomation\screenshots\row_62_final.png

==================================================
Processing Record 51/115 [Row 63]
FFN: 1006210931 | Gmail: mitrasanjay3099@gmail.com
==================================================
Initiating login sequence on phone...
Force stopping Saudia app...
Launching Saudia app fresh...
App launch command sent.
Waiting for AlFursan tab to appear...
ERROR processing Row 63: Timeout: Could not find 'AlFursan' tab on Home screen!
Screenshot saved to: C:\Users\ashus\SaudiaAutomation\screenshots\row_63_final.png

==================================================
Processing Record 52/115 [Row 64]
FFN: 1006210933 | Gmail: mitrasanjay3099@gmail.com
==================================================
Initiating login sequence on phone...
Force stopping Saudia app...
Launching Saudia app fresh...
App launch command sent.
Waiting for AlFursan tab to appear...
ERROR processing Row 64: Timeout: Could not find 'AlFursan' tab on Home screen!
Screenshot saved to: C:\Users\ashus\SaudiaAutomation\screenshots\row_64_final.png

==================================================
Processing Record 53/115 [Row 65]
FFN: 1006210943 | Gmail: mitrasanjay3099@gmail.com
==================================================
Initiating login sequence on phone...
Force stopping Saudia app...
Launching Saudia app fresh...
App launch command sent.
Waiting for AlFursan tab to appear...
ERROR processing Row 65: Timeout: Could not find 'AlFursan' tab on Home screen!
Screenshot saved to: C:\Users\ashus\SaudiaAutomation\screenshots\row_65_final.png

==================================================
Processing Record 54/115 [Row 66]
FFN: 1006210944 | Gmail: mitrasanjay3099@gmail.com
==================================================
Initiating login sequence on phone...
Force stopping Saudia app...
Launching Saudia app fresh...
App launch command sent.
Waiting for AlFursan tab to appear...
ERROR processing Row 66: Timeout: Could not find 'AlFursan' tab on Home screen!
Screenshot saved to: C:\Users\ashus\SaudiaAutomation\screenshots\row_66_final.png

==================================================
Processing Record 55/115 [Row 67]
FFN: 1006210948 | Gmail: mitrasanjay3099@gmail.com
==================================================
Initiating login sequence on phone...
Force stopping Saudia app...
Launching Saudia app fresh...
App launch command sent.
Waiting for AlFursan tab to appear...
ERROR processing Row 67: Timeout: Could not find 'AlFursan' tab on Home screen!
Screenshot saved to: C:\Users\ashus\SaudiaAutomation\screenshots\row_67_final.png

==================================================
Processing Record 56/115 [Row 68]
FFN: 1006210953 | Gmail: mitrasanjay3099@gmail.com
==================================================
Initiating login sequence on phone...
Force stopping Saudia app...
Launching Saudia app fresh...
App launch command sent.
Waiting for AlFursan tab to appear...
ERROR processing Row 68: Timeout: Could not find 'AlFursan' tab on Home screen!
Screenshot saved to: C:\Users\ashus\SaudiaAutomation\screenshots\row_68_final.png

==================================================
Processing Record 57/115 [Row 69]
FFN: 1006210956 | Gmail: mitrasanjay3099@gmail.com
==================================================
Initiating login sequence on phone...
Force stopping Saudia app...
Launching Saudia app fresh...
App launch command sent.
Waiting for AlFursan tab to appear...
ERROR processing Row 69: Timeout: Could not find 'AlFursan' tab on Home screen!
Screenshot saved to: C:\Users\ashus\SaudiaAutomation\screenshots\row_69_final.png

==================================================
Processing Record 58/115 [Row 70]
FFN: 1006210961 | Gmail: mitrasanjay3099@gmail.com
==================================================
Initiating login sequence on phone...
Force stopping Saudia app...
Launching Saudia app fresh...
App launch command sent.
Waiting for AlFursan tab to appear...
ERROR processing Row 70: Timeout: Could not find 'AlFursan' tab on Home screen!
Screenshot saved to: C:\Users\ashus\SaudiaAutomation\screenshots\row_70_final.png

==================================================
Processing Record 59/115 [Row 71]
FFN: 1006210963 | Gmail: mitrasanjay3099@gmail.com
==================================================
Initiating login sequence on phone...
Force stopping Saudia app...
Launching Saudia app fresh...
App launch command sent.
Waiting for AlFursan tab to appear...
Clicking AlFursan Tab: AlFursan Tab 4 of 4
Click fallback: ADB Tapping at center (945, 2103)
Waiting for Login button at top right...
ERROR processing Row 71: Timeout: Could not find 'Login' button on AlFursan screen!
Screenshot saved to: C:\Users\ashus\SaudiaAutomation\screenshots\row_71_final.png

==================================================
Processing Record 60/115 [Row 72]
FFN: 1006210969 | Gmail: mitrasanjay3099@gmail.com
==================================================
Initiating login sequence on phone...
Force stopping Saudia app...
Launching Saudia app fresh...
App launch command sent.
Waiting for AlFursan tab to appear...
ERROR processing Row 72: Timeout: Could not find 'AlFursan' tab on Home screen!
Screenshot saved to: C:\Users\ashus\SaudiaAutomation\screenshots\row_72_final.png

==================================================
Processing Record 61/115 [Row 73]
FFN: 1006210972 | Gmail: mitrasanjay3099@gmail.com
==================================================
Initiating login sequence on phone...
Force stopping Saudia app...
Launching Saudia app fresh...
App launch command sent.
Waiting for AlFursan tab to appear...
ERROR processing Row 73: Timeout: Could not find 'AlFursan' tab on Home screen!
Screenshot saved to: C:\Users\ashus\SaudiaAutomation\screenshots\row_73_final.png

==================================================
Processing Record 62/115 [Row 74]
FFN: 1006210979 | Gmail: mitrasanjay3099@gmail.com
==================================================
Initiating login sequence on phone...
Force stopping Saudia app...
Launching Saudia app fresh...
App launch command sent.
Waiting for AlFursan tab to appear...
Error fetching screen: HTTPConnectionPool(host='192.168.1.3', port=5000): Max retries exceeded with url: /screen (Caused by ConnectTimeoutError(<HTTPConnection(host='192.168.1.3', port=5000) at 0x1ad88af7ce0>, 'Connection to 192.168.1.3 timed out. (connect timeout=10)'))
Error fetching screen: HTTPConnectionPool(host='192.168.1.3', port=5000): Max retries exceeded with url: /screen (Caused by ConnectTimeoutError(<HTTPConnection(host='192.168.1.3', port=5000) at 0x1ad88af7570>, 'Connection to 192.168.1.3 timed out. (connect timeout=10)'))
Error fetching screen: HTTPConnectionPool(host='192.168.1.3', port=5000): Max retries exceeded with url: /screen (Caused by ConnectTimeoutError(<HTTPConnection(host='192.168.1.3', port=5000) at 0x1ad89fed150>, 'Connection to 192.168.1.3 timed out. (connect timeout=10)'))
Error fetching screen: HTTPConnectionPool(host='192.168.1.3', port=5000): Max retries exceeded with url: /screen (Caused by ConnectTimeoutError(<HTTPConnection(host='192.168.1.3', port=5000) at 0x1ad89fec380>, 'Connection to 192.168.1.3 timed out. (connect timeout=10)'))
Error fetching screen: HTTPConnectionPool(host='192.168.1.3', port=5000): Max retries exceeded with url: /screen (Caused by ConnectTimeoutError(<HTTPConnection(host='192.168.1.3', port=5000) at 0x1ad89fee470>, 'Connection to 192.168.1.3 timed out. (connect timeout=10)'))
ERROR processing Row 74: Timeout: Could not find 'AlFursan' tab on Home screen!
Screenshot saved to: C:\Users\ashus\SaudiaAutomation\screenshots\row_74_final.png

==================================================
Processing Record 63/115 [Row 75]
FFN: 1006210989 | Gmail: mitrasanjay3099@gmail.com
==================================================
Initiating login sequence on phone...
Force stopping Saudia app...
Launching Saudia app fresh...
App launch command sent.
Waiting for AlFursan tab to appear...
Error fetching screen: HTTPConnectionPool(host='192.168.1.3', port=5000): Max retries exceeded with url: /screen (Caused by ConnectTimeoutError(<HTTPConnection(host='192.168.1.3', port=5000) at 0x1ad88af7f00>, 'Connection to 192.168.1.3 timed out. (connect timeout=10)'))
Error fetching screen: HTTPConnectionPool(host='192.168.1.3', port=5000): Max retries exceeded with url: /screen (Caused by ConnectTimeoutError(<HTTPConnection(host='192.168.1.3', port=5000) at 0x1ad88af7df0>, 'Connection to 192.168.1.3 timed out. (connect timeout=10)'))
ERROR processing Row 75: Timeout: Could not find 'AlFursan' tab on Home screen!
Screenshot saved to: C:\Users\ashus\SaudiaAutomation\screenshots\row_75_final.png

==================================================
Processing Record 64/115 [Row 76]
FFN: 1006210990 | Gmail: mitrasanjay3099@gmail.com
==================================================
Initiating login sequence on phone...
Force stopping Saudia app...
Launching Saudia app fresh...
App launch command sent.
Waiting for AlFursan tab to appear...
ERROR processing Row 76: Timeout: Could not find 'AlFursan' tab on Home screen!
Screenshot saved to: C:\Users\ashus\SaudiaAutomation\screenshots\row_76_final.png

==================================================
Processing Record 65/115 [Row 77]
FFN: 1006210993 | Gmail: mitrasanjay3099@gmail.com
==================================================
Initiating login sequence on phone...
Force stopping Saudia app...
Launching Saudia app fresh...
App launch command sent.
Waiting for AlFursan tab to appear...
Error fetching screen: ('Connection aborted.', ConnectionResetError(10054, 'An existing connection was forcibly closed by the remote host', None, 10054, None))
