Logging initialized. Output saved to: C:\Users\ashus\SaudiaAutomation\logs\run_20260702_175454.log
============================================================
         SAUDIA AIRLINES LOGIN AUTOMATION
============================================================
Performing device connectivity health check...
Device connectivity: OK
Checking Brave browser debugging port...
Brave remote debugging is already running and reachable.
Brave browser status: OK
Reading passenger list from Excel...
Successfully loaded 116 pending passenger records.

==================================================
Processing Record 1/116 [Row 6]
FFN: 1006210589 | Gmail: mitrasanjay3099@gmail.com
==================================================

[ACTION REQUIRED] Please switch Gmail account in Brave.
--> Target Gmail: mitrasanjay3099@gmail.com
Make sure Gmail is open and active in Brave browser.
Waiting for ready.txt flag to proceed...
Initiating login sequence on phone...
Force stopping Saudia app...
Launching Saudia app fresh...
App launch command sent.
Waiting for AlFursan tab to appear...
Clicking AlFursan Tab: AlFursan Tab 4 of 4
Click fallback: ADB Tapping at center (945, 2103)
Waiting for Login button at top right...
Clicking Login button at top right...
Waiting for Login form input fields...
Typing FFN: 1006210589
Type fallback: Tapping element to focus and typing via ADB...
Clearing existing text in field...
Typing Password...
Type fallback: Tapping element to focus and typing via ADB...
Clearing existing text in field...
Hiding soft keyboard by tapping neutral area...
Locating Login Submit Button on form...
Found Login Button by exact content_desc match: 'Login Button'
Clicking Login Submit Button...
Click fallback: ADB Tapping at center (540, 1957)
Login form submitted at: 2026-07-02T17:55:33.031305
Polling Gmail for verification code...
Waiting for OTP. Timeout: 120 seconds...
Connecting to Brave via CDP...
Navigating to Gmail...
Searching for subject: 'Retrieve AlFursan OTP'...
Waiting for search URL to activate...
