Logging initialized. Output saved to: C:\Users\ashus\SaudiaAutomation\logs\run_20260702_175212.log
============================================================
         SAUDIA AIRLINES LOGIN AUTOMATION
============================================================
Performing device connectivity health check...
Device connectivity: OK
Checking Brave browser debugging port...
Brave remote debugging is already running and reachable.
Brave browser status: OK
Reading passenger list from Excel...
Successfully loaded 116 pending passenger records.

==================================================
Processing Record 1/116 [Row 6]
FFN: 1006210589 | Gmail: mitrasanjay3099@gmail.com
==================================================

[ACTION REQUIRED] Please switch Gmail account in Brave.
--> Target Gmail: mitrasanjay3099@gmail.com
Make sure Gmail is open and active in Brave browser.
Waiting for ready.txt flag to proceed...
Initiating login sequence on phone...
Force stopping Saudia app...
Launching Saudia app fresh...
App launch command sent.
Waiting for AlFursan tab to appear...
Clicking AlFursan Tab: AlFursan Tab 4 of 4
Click fallback: ADB Tapping at center (945, 2103)
Waiting for Login button at top right...
Clicking Login button at top right...
Waiting for Login form input fields...
Typing FFN: 1006210589
Type fallback: Tapping element to focus and typing via ADB...
Clearing existing text in field...
Typing Password...
Type fallback: Tapping element to focus and typing via ADB...
Clearing existing text in field...
Locating Login Submit Button on form...
Found Login Button by exact content_desc match: 'Login Button'
Clicking Login Submit Button...
Click fallback: ADB Tapping at center (540, 1957)
Login form submitted at: 2026-07-02T17:52:47.445971
Polling Gmail for verification code...
Waiting for OTP. Timeout: 120 seconds...
Connecting to Brave via CDP...
Navigating to Gmail...
Searching for subject: 'Retrieve AlFursan OTP'...
Waiting for search URL to activate...
Waiting for email list to populate...
Inspecting 59 search rows for exact subject match...
Found matching row at index 4.
Opening the matched email...
Extracted OTP candidate: 423378
SUCCESS: OTP 423378 retrieved!
Entering OTP code 423378 into the Saudia app...
Entering OTP: 423378
HTTP OTP failed or not supported. Using ADB fallback typing...
Waiting 5 seconds for login processing...
Verifying login status on device screen...
ERROR processing Row 6: Login failed: Still on login form or unknown state
Screenshot saved to: C:\Users\ashus\SaudiaAutomation\screenshots\row_6_final.png

==================================================
Processing Record 2/116 [Row 7]
FFN: 1006210593 | Gmail: mitrasanjay3099@gmail.com
==================================================
Initiating login sequence on phone...
Force stopping Saudia app...
Launching Saudia app fresh...
App launch command sent.
Waiting for AlFursan tab to appear...
Clicking AlFursan Tab: AlFursan Tab 4 of 4
Click fallback: ADB Tapping at center (945, 2103)
Waiting for Login button at top right...
Clicking Login button at top right...
Waiting for Login form input fields...
Typing FFN: 1006210593
Type fallback: Tapping element to focus and typing via ADB...
Clearing existing text in field...
Typing Password...
Type fallback: Tapping element to focus and typing via ADB...
Clearing existing text in field...
Locating Login Submit Button on form...
Found Login Button by exact content_desc match: 'Login Button'
Clicking Login Submit Button...
Click fallback: ADB Tapping at center (540, 1957)
Login form submitted at: 2026-07-02T17:53:36.125450
Polling Gmail for verification code...
Waiting for OTP. Timeout: 120 seconds...
Connecting to Brave via CDP...
Navigating to Gmail...
Searching for subject: 'Retrieve AlFursan OTP'...
Waiting for search URL to activate...
Waiting for email list to populate...
Inspecting 59 search rows for exact subject match...
Found matching row at index 4.
Opening the matched email...
Extracted OTP candidate: 423378
SUCCESS: OTP 423378 retrieved!
Entering OTP code 423378 into the Saudia app...
Entering OTP: 423378
HTTP OTP failed or not supported. Using ADB fallback typing...
Waiting 5 seconds for login processing...
Verifying login status on device screen...
ERROR processing Row 7: Login failed: Still on login form or unknown state
Screenshot saved to: C:\Users\ashus\SaudiaAutomation\screenshots\row_7_final.png

==================================================
Processing Record 3/116 [Row 8]
FFN: 1006210601 | Gmail: mitrasanjay3099@gmail.com
==================================================
Initiating login sequence on phone...
Force stopping Saudia app...
Launching Saudia app fresh...
App launch command sent.
Waiting for AlFursan tab to appear...
Clicking AlFursan Tab: AlFursan Tab 4 of 4
Click fallback: ADB Tapping at center (945, 2103)
Waiting for Login button at top right...
Clicking Login button at top right...
Waiting for Login form input fields...
Typing FFN: 1006210601
Type fallback: Tapping element to focus and typing via ADB...
Clearing existing text in field...
Typing Password...
Type fallback: Tapping element to focus and typing via ADB...
Clearing existing text in field...
Locating Login Submit Button on form...
Found Login Button by exact content_desc match: 'Login Button'
Clicking Login Submit Button...
Click fallback: ADB Tapping at center (540, 1957)
Login form submitted at: 2026-07-02T17:54:29.357779
Polling Gmail for verification code...
Waiting for OTP. Timeout: 120 seconds...
Connecting to Brave via CDP...
