Logging initialized. Output saved to: C:\Users\ashus\SaudiaAutomation\logs\run_20260702_172832.log
============================================================
         SAUDIA AIRLINES LOGIN AUTOMATION
============================================================
Performing device connectivity health check...
Device connectivity: OK
Checking Brave browser debugging port...
Brave remote debugging is already running and reachable.
Brave browser status: OK
Reading passenger list from Excel...
Successfully loaded 120 pending passenger records.

==================================================
Processing Record 1/120 [Row 2]
FFN: 1006210567 | Gmail: mitrasanjay3099@gmail.com
==================================================

[ACTION REQUIRED] Please switch Gmail account in Brave.
--> Target Gmail: mitrasanjay3099@gmail.com
Make sure Gmail is open and active in Brave browser.
Press ENTER key when Gmail is ready...Initiating login sequence on phone...
Force stopping Saudia app...
Launching Saudia app fresh...
App launch command sent.
Waiting for AlFursan tab to appear...
Clicking AlFursan Tab: AlFursan Tab 4 of 4
Click fallback: ADB Tapping at center (945, 2103)
Waiting for Login button at top right...
Clicking Login button at top right...
Waiting for Login form input fields...
Typing FFN: 1006210567
Type fallback: Tapping element to focus and typing via ADB...
Clearing existing text in field...
Typing Password...
Type fallback: Tapping element to focus and typing via ADB...
Clearing existing text in field...
Locating Login Submit Button on form...
Clicking Login Submit Button...
Click fallback: ADB Tapping at center (450, 1400)
Login form submitted at: 2026-07-02T17:30:52.116770
Polling Gmail for verification code...
Waiting for OTP. Timeout: 120 seconds...
Connecting to Brave via CDP...
Navigating to Gmail...
Searching for subject: 'Retrieve AlFursan OTP'...
Waiting for search URL to activate...
Waiting for email list to populate...
Inspecting 59 search rows for exact subject match...
Found matching row at index 4.
Opening the matched email...
Extracted OTP candidate: 423378
SUCCESS: OTP 423378 retrieved!
Entering OTP code 423378 into the Saudia app...
Entering OTP: 423378
HTTP OTP failed or not supported. Using ADB fallback typing...
Waiting 5 seconds for login processing...
Verifying login status on device screen...
ERROR processing Row 2: Login failed: Still on login form or unknown state
Screenshot saved to: C:\Users\ashus\SaudiaAutomation\screenshots\row_2_final.png

==================================================
Processing Record 2/120 [Row 3]
FFN: 1006210573 | Gmail: mitrasanjay3099@gmail.com
==================================================
Initiating login sequence on phone...
Force stopping Saudia app...
Launching Saudia app fresh...
App launch command sent.
Waiting for AlFursan tab to appear...
Clicking AlFursan Tab: AlFursan Tab 4 of 4
Click fallback: ADB Tapping at center (945, 2103)
Waiting for Login button at top right...
Clicking Login button at top right...
Waiting for Login form input fields...
Typing FFN: 1006210573
Type fallback: Tapping element to focus and typing via ADB...
Clearing existing text in field...
Typing Password...
Type fallback: Tapping element to focus and typing via ADB...
Clearing existing text in field...
Locating Login Submit Button on form...
Clicking Login Submit Button...
Click fallback: ADB Tapping at center (450, 1400)
Login form submitted at: 2026-07-02T17:31:46.597671
Polling Gmail for verification code...
Waiting for OTP. Timeout: 120 seconds...
Connecting to Brave via CDP...
Navigating to Gmail...
Searching for subject: 'Retrieve AlFursan OTP'...
Waiting for search URL to activate...
Waiting for email list to populate...
Inspecting 59 search rows for exact subject match...
Found matching row at index 4.
Opening the matched email...
Extracted OTP candidate: 423378
SUCCESS: OTP 423378 retrieved!
Entering OTP code 423378 into the Saudia app...
Entering OTP: 423378
HTTP OTP failed or not supported. Using ADB fallback typing...
Waiting 5 seconds for login processing...
Verifying login status on device screen...
ERROR processing Row 3: Login failed: Still on login form or unknown state
Screenshot saved to: C:\Users\ashus\SaudiaAutomation\screenshots\row_3_final.png

==================================================
Processing Record 3/120 [Row 4]
FFN: 1006210577 | Gmail: mitrasanjay3099@gmail.com
==================================================
Initiating login sequence on phone...
Force stopping Saudia app...
Launching Saudia app fresh...
App launch command sent.
Waiting for AlFursan tab to appear...
Clicking AlFursan Tab: AlFursan Tab 4 of 4
Click fallback: ADB Tapping at center (945, 2103)
Waiting for Login button at top right...
Clicking Login button at top right...
Waiting for Login form input fields...
Typing FFN: 1006210577
Type fallback: Tapping element to focus and typing via ADB...
Clearing existing text in field...
Typing Password...
Type fallback: Tapping element to focus and typing via ADB...
Clearing existing text in field...
Locating Login Submit Button on form...
Clicking Login Submit Button...
Click fallback: ADB Tapping at center (450, 1400)
Login form submitted at: 2026-07-02T17:32:40.676191
Polling Gmail for verification code...
Waiting for OTP. Timeout: 120 seconds...
Connecting to Brave via CDP...
Navigating to Gmail...
Searching for subject: 'Retrieve AlFursan OTP'...
Waiting for search URL to activate...
Waiting for email list to populate...
Inspecting 59 search rows for exact subject match...
Found matching row at index 4.
Opening the matched email...
Extracted OTP candidate: 423378
SUCCESS: OTP 423378 retrieved!
Entering OTP code 423378 into the Saudia app...
Entering OTP: 423378
HTTP OTP failed or not supported. Using ADB fallback typing...
Waiting 5 seconds for login processing...
Verifying login status on device screen...
ERROR processing Row 4: Login failed: Still on login form or unknown state
Screenshot saved to: C:\Users\ashus\SaudiaAutomation\screenshots\row_4_final.png

==================================================
Processing Record 4/120 [Row 5]
FFN: 1006210580 | Gmail: mitrasanjay3099@gmail.com
==================================================
Initiating login sequence on phone...
Force stopping Saudia app...
Launching Saudia app fresh...
App launch command sent.
Waiting for AlFursan tab to appear...
Clicking AlFursan Tab: AlFursan Tab 4 of 4
Click fallback: ADB Tapping at center (945, 2103)
Waiting for Login button at top right...
Clicking Login button at top right...
Waiting for Login form input fields...
Typing FFN: 1006210580
Type fallback: Tapping element to focus and typing via ADB...
Clearing existing text in field...
Typing Password...
Type fallback: Tapping element to focus and typing via ADB...
Clearing existing text in field...
Locating Login Submit Button on form...
Clicking Login Submit Button...
Click fallback: ADB Tapping at center (450, 1400)
Login form submitted at: 2026-07-02T17:33:34.464927
Polling Gmail for verification code...
Waiting for OTP. Timeout: 120 seconds...
Connecting to Brave via CDP...
Navigating to Gmail...
Searching for subject: 'Retrieve AlFursan OTP'...
Waiting for search URL to activate...
Waiting for email list to populate...
Inspecting 59 search rows for exact subject match...
Found matching row at index 4.
Opening the matched email...
Extracted OTP candidate: 423378
SUCCESS: OTP 423378 retrieved!
Entering OTP code 423378 into the Saudia app...
Entering OTP: 423378
HTTP OTP failed or not supported. Using ADB fallback typing...
Waiting 5 seconds for login processing...
Verifying login status on device screen...
ERROR processing Row 5: Login failed: Still on login form or unknown state
Screenshot saved to: C:\Users\ashus\SaudiaAutomation\screenshots\row_5_final.png

==================================================
Processing Record 5/120 [Row 6]
FFN: 1006210589 | Gmail: mitrasanjay3099@gmail.com
==================================================
Initiating login sequence on phone...
Force stopping Saudia app...
Launching Saudia app fresh...
App launch command sent.
Waiting for AlFursan tab to appear...
Clicking AlFursan Tab: AlFursan Tab 4 of 4
Click fallback: ADB Tapping at center (945, 2103)
Waiting for Login button at top right...
Clicking Login button at top right...
Waiting for Login form input fields...
Typing FFN: 1006210589
Type fallback: Tapping element to focus and typing via ADB...
Clearing existing text in field...
Typing Password...
Type fallback: Tapping element to focus and typing via ADB...
Clearing existing text in field...
Locating Login Submit Button on form...
Clicking Login Submit Button...
Click fallback: ADB Tapping at center (450, 1400)
Login form submitted at: 2026-07-02T17:34:22.336146
Polling Gmail for verification code...
Waiting for OTP. Timeout: 120 seconds...
Connecting to Brave via CDP...
Navigating to Gmail...
Searching for subject: 'Retrieve AlFursan OTP'...
Waiting for search URL to activate...
